23:39:50 **** Incremental Build of configuration Debug for project drv_initial_tests ****
make -j12 all 
arm-none-eabi-gcc "../Core/Src/main.c" -mcpu=cortex-m4 -std=gnu11 -g3 -DDEBUG -DUSE_HAL_DRIVER -DSTM32G474xx -c -I../Core/Inc -I../Drivers/STM32G4xx_HAL_Driver/Inc -I../Drivers/STM32G4xx_HAL_Driver/Inc/Legacy -I../Drivers/CMSIS/Device/ST/STM32G4xx/Include -I../Drivers/CMSIS/Include -O0 -ffunction-sections -fdata-sections -Wall -fstack-usage -fcyclomatic-complexity -MMD -MP -MF"Core/Src/main.d" -MT"Core/Src/main.o" --specs=nano.specs -mfpu=fpv4-sp-d16 -mfloat-abi=hard -mthumb -o "Core/Src/main.o"
arm-none-eabi-gcc "../Core/Src/stm32g4xx_hal_msp.c" -mcpu=cortex-m4 -std=gnu11 -g3 -DDEBUG -DUSE_HAL_DRIVER -DSTM32G474xx -c -I../Core/Inc -I../Drivers/STM32G4xx_HAL_Driver/Inc -I../Drivers/STM32G4xx_HAL_Driver/Inc/Legacy -I../Drivers/CMSIS/Device/ST/STM32G4xx/Include -I../Drivers/CMSIS/Include -O0 -ffunction-sections -fdata-sections -Wall -fstack-usage -fcyclomatic-complexity -MMD -MP -MF"Core/Src/stm32g4xx_hal_msp.d" -MT"Core/Src/stm32g4xx_hal_msp.o" --specs=nano.specs -mfpu=fpv4-sp-d16 -mfloat-abi=hard -mthumb -o "Core/Src/stm32g4xx_hal_msp.o"
arm-none-eabi-gcc "../Core/Src/stm32g4xx_it.c" -mcpu=cortex-m4 -std=gnu11 -g3 -DDEBUG -DUSE_HAL_DRIVER -DSTM32G474xx -c -I../Core/Inc -I../Drivers/STM32G4xx_HAL_Driver/Inc -I../Drivers/STM32G4xx_HAL_Driver/Inc/Legacy -I../Drivers/CMSIS/Device/ST/STM32G4xx/Include -I../Drivers/CMSIS/Include -O0 -ffunction-sections -fdata-sections -Wall -fstack-usage -fcyclomatic-complexity -MMD -MP -MF"Core/Src/stm32g4xx_it.d" -MT"Core/Src/stm32g4xx_it.o" --specs=nano.specs -mfpu=fpv4-sp-d16 -mfloat-abi=hard -mthumb -o "Core/Src/stm32g4xx_it.o"
arm-none-eabi-gcc -o "drv_initial_tests.elf" @"objects.list"   -mcpu=cortex-m4 -T"C:\Users\krzys\Desktop\inzynierka\BLDC_driver\BLDC_FOC_driver\software\drv_initial_tests\drv_initial_tests\STM32G474RETX_FLASH.ld" --specs=nosys.specs -Wl,-Map="drv_initial_tests.map" -Wl,--gc-sections -static --specs=nano.specs -mfpu=fpv4-sp-d16 -mfloat-abi=hard -mthumb -u _printf_float -Wl,--start-group -lc -lm -Wl,--end-group
Finished building target: drv_initial_tests.elf
 
arm-none-eabi-size  drv_initial_tests.elf 
arm-none-eabi-objdump -h -S drv_initial_tests.elf  > "drv_initial_tests.list"
   text	   data	    bss	    dec	    hex	filename
  64968	    492	   4372	  69832	  110c8	drv_initial_tests.elf
Finished building: default.size.stdout
 
Finished building: drv_initial_tests.list
 
23:39:55 **** Incremental Build of configuration Debug for project drv_initial_tests ****
make -j12 all 
arm-none-eabi-size  drv_initial_tests.elf 
   text	   data	    bss	    dec	    hex	filename
  64968	    492	   4372	  69832	  110c8	drv_initial_tests.elf
Finished building: default.size.stdout
 
00:10:45 **** Incremental Build of configuration Debug for project drv_initial_tests ****
make -j12 all 
arm-none-eabi-gcc "../Core/Src/main.c" -mcpu=cortex-m4 -std=gnu11 -g3 -DDEBUG -DUSE_HAL_DRIVER -DSTM32G474xx -c -I../Core/Inc -I../Drivers/STM32G4xx_HAL_Driver/Inc -I../Drivers/STM32G4xx_HAL_Driver/Inc/Legacy -I../Drivers/CMSIS/Device/ST/STM32G4xx/Include -I../Drivers/CMSIS/Include -O0 -ffunction-sections -fdata-sections -Wall -fstack-usage -fcyclomatic-complexity -MMD -MP -MF"Core/Src/main.d" -MT"Core/Src/main.o" --specs=nano.specs -mfpu=fpv4-sp-d16 -mfloat-abi=hard -mthumb -o "Core/Src/main.o"
arm-none-eabi-gcc -o "drv_initial_tests.elf" @"objects.list"   -mcpu=cortex-m4 -T"C:\Users\krzys\Desktop\inzynierka\BLDC_driver\BLDC_FOC_driver\software\drv_initial_tests\drv_initial_tests\STM32G474RETX_FLASH.ld" --specs=nosys.specs -Wl,-Map="drv_initial_tests.map" -Wl,--gc-sections -static --specs=nano.specs -mfpu=fpv4-sp-d16 -mfloat-abi=hard -mthumb -u _printf_float -Wl,--start-group -lc -lm -Wl,--end-group
Finished building target: drv_initial_tests.elf
 
arm-none-eabi-size  drv_initial_tests.elf 
arm-none-eabi-objdump -h -S drv_initial_tests.elf  > "drv_initial_tests.list"
   text	   data	    bss	    dec	    hex	filename
  64968	    492	   4372	  69832	  110c8	drv_initial_tests.elf
Finished building: default.size.stdout
 
Finished building: drv_initial_tests.list
 
08:10:10 **** Incremental Build of configuration Debug for project drv_initial_tests ****
make -j12 all 
arm-none-eabi-gcc "../Core/Src/main.c" -mcpu=cortex-m4 -std=gnu11 -g3 -DDEBUG -DUSE_HAL_DRIVER -DSTM32G474xx -c -I../Core/Inc -I../Drivers/STM32G4xx_HAL_Driver/Inc -I../Drivers/STM32G4xx_HAL_Driver/Inc/Legacy -I../Drivers/CMSIS/Device/ST/STM32G4xx/Include -I../Drivers/CMSIS/Include -O0 -ffunction-sections -fdata-sections -Wall -fstack-usage -fcyclomatic-complexity -MMD -MP -MF"Core/Src/main.d" -MT"Core/Src/main.o" --specs=nano.specs -mfpu=fpv4-sp-d16 -mfloat-abi=hard -mthumb -o "Core/Src/main.o"
arm-none-eabi-gcc -o "drv_initial_tests.elf" @"objects.list"   -mcpu=cortex-m4 -T"C:\Users\krzys\Desktop\inzynierka\BLDC_driver\BLDC_FOC_driver\software\drv_initial_tests\drv_initial_tests\STM32G474RETX_FLASH.ld" --specs=nosys.specs -Wl,-Map="drv_initial_tests.map" -Wl,--gc-sections -static --specs=nano.specs -mfpu=fpv4-sp-d16 -mfloat-abi=hard -mthumb -u _printf_float -Wl,--start-group -lc -lm -Wl,--end-group
Finished building target: drv_initial_tests.elf
 
arm-none-eabi-size  drv_initial_tests.elf 
arm-none-eabi-objdump -h -S drv_initial_tests.elf  > "drv_initial_tests.list"
   text	   data	    bss	    dec	    hex	filename
  64968	    492	   4372	  69832	  110c8	drv_initial_tests.elf
Finished building: default.size.stdout
 
Finished building: drv_initial_tests.list
 
08:11:13 **** Incremental Build of configuration Debug for project drv_initial_tests ****
make -j12 all 
arm-none-eabi-gcc "../Core/Src/main.c" -mcpu=cortex-m4 -std=gnu11 -g3 -DDEBUG -DUSE_HAL_DRIVER -DSTM32G474xx -c -I../Core/Inc -I../Drivers/STM32G4xx_HAL_Driver/Inc -I../Drivers/STM32G4xx_HAL_Driver/Inc/Legacy -I../Drivers/CMSIS/Device/ST/STM32G4xx/Include -I../Drivers/CMSIS/Include -O0 -ffunction-sections -fdata-sections -Wall -fstack-usage -fcyclomatic-complexity -MMD -MP -MF"Core/Src/main.d" -MT"Core/Src/main.o" --specs=nano.specs -mfpu=fpv4-sp-d16 -mfloat-abi=hard -mthumb -o "Core/Src/main.o"
arm-none-eabi-gcc -o "drv_initial_tests.elf" @"objects.list"   -mcpu=cortex-m4 -T"C:\Users\krzys\Desktop\inzynierka\BLDC_driver\BLDC_FOC_driver\software\drv_initial_tests\drv_initial_tests\STM32G474RETX_FLASH.ld" --specs=nosys.specs -Wl,-Map="drv_initial_tests.map" -Wl,--gc-sections -static --specs=nano.specs -mfpu=fpv4-sp-d16 -mfloat-abi=hard -mthumb -u _printf_float -Wl,--start-group -lc -lm -Wl,--end-group
Finished building target: drv_initial_tests.elf
 
arm-none-eabi-size  drv_initial_tests.elf 
arm-none-eabi-objdump -h -S drv_initial_tests.elf  > "drv_initial_tests.list"
   text	   data	    bss	    dec	    hex	filename
  64968	    492	   4372	  69832	  110c8	drv_initial_tests.elf
Finished building: default.size.stdout
 
Finished building: drv_initial_tests.list
 
16:15:50 **** Incremental Build of configuration Debug for project drv_initial_tests ****
make -j12 all 
arm-none-eabi-gcc "../Core/Src/main.c" -mcpu=cortex-m4 -std=gnu11 -g3 -DDEBUG -DUSE_HAL_DRIVER -DSTM32G474xx -c -I../Core/Inc -I../Drivers/STM32G4xx_HAL_Driver/Inc -I../Drivers/STM32G4xx_HAL_Driver/Inc/Legacy -I../Drivers/CMSIS/Device/ST/STM32G4xx/Include -I../Drivers/CMSIS/Include -O0 -ffunction-sections -fdata-sections -Wall -fstack-usage -fcyclomatic-complexity -MMD -MP -MF"Core/Src/main.d" -MT"Core/Src/main.o" --specs=nano.specs -mfpu=fpv4-sp-d16 -mfloat-abi=hard -mthumb -o "Core/Src/main.o"
../Core/Src/main.c:153:14: warning: 'adc_mid_C' defined but not used [-Wunused-variable]
  153 | static float adc_mid_C = 2048.0f;
      |              ^~~~~~~~~
../Core/Src/main.c:152:14: warning: 'adc_mid_B' defined but not used [-Wunused-variable]
  152 | static float adc_mid_B = 2048.0f;
      |              ^~~~~~~~~
../Core/Src/main.c:151:14: warning: 'adc_mid_A' defined but not used [-Wunused-variable]
  151 | static float adc_mid_A = 2048.0f;
      |              ^~~~~~~~~
arm-none-eabi-gcc -o "drv_initial_tests.elf" @"objects.list"   -mcpu=cortex-m4 -T"C:\Users\krzys\Desktop\inzynierka\BLDC_driver\BLDC_FOC_driver\software\drv_initial_tests\drv_initial_tests\STM32G474RETX_FLASH.ld" --specs=nosys.specs -Wl,-Map="drv_initial_tests.map" -Wl,--gc-sections -static --specs=nano.specs -mfpu=fpv4-sp-d16 -mfloat-abi=hard -mthumb -u _printf_float -Wl,--start-group -lc -lm -Wl,--end-group
Finished building target: drv_initial_tests.elf
 
arm-none-eabi-size  drv_initial_tests.elf 
arm-none-eabi-objdump -h -S drv_initial_tests.elf  > "drv_initial_tests.list"
   text	   data	    bss	    dec	    hex	filename
  64968	    492	   4372	  69832	  110c8	drv_initial_tests.elf
Finished building: default.size.stdout
 
Finished building: drv_initial_tests.list
 
16:21:15 **** Incremental Build of configuration Debug for project drv_initial_tests ****
make -j12 all 
arm-none-eabi-gcc "../Core/Src/main.c" -mcpu=cortex-m4 -std=gnu11 -g3 -DDEBUG -DUSE_HAL_DRIVER -DSTM32G474xx -c -I../Core/Inc -I../Drivers/STM32G4xx_HAL_Driver/Inc -I../Drivers/STM32G4xx_HAL_Driver/Inc/Legacy -I../Drivers/CMSIS/Device/ST/STM32G4xx/Include -I../Drivers/CMSIS/Include -O0 -ffunction-sections -fdata-sections -Wall -fstack-usage -fcyclomatic-complexity -MMD -MP -MF"Core/Src/main.d" -MT"Core/Src/main.o" --specs=nano.specs -mfpu=fpv4-sp-d16 -mfloat-abi=hard -mthumb -o "Core/Src/main.o"
../Core/Src/main.c:162:1: error: expected ',' or ';' before 'void'
  162 | void SystemClock_Config(void);
      | ^~~~
../Core/Src/main.c: In function 'main':
../Core/Src/main.c:735:3: warning: implicit declaration of function 'SystemClock_Config'; did you mean 'SysTick_Config'? [-Wimplicit-function-declaration]
  735 |   SystemClock_Config();
      |   ^~~~~~~~~~~~~~~~~~
      |   SysTick_Config
../Core/Src/main.c: At top level:
../Core/Src/main.c:837:6: warning: conflicting types for 'SystemClock_Config'; have 'void(void)'
  837 | void SystemClock_Config(void)
      |      ^~~~~~~~~~~~~~~~~~
../Core/Src/main.c:735:3: note: previous implicit declaration of 'SystemClock_Config' with type 'void(void)'
  735 |   SystemClock_Config();
      |   ^~~~~~~~~~~~~~~~~~
../Core/Src/main.c:153:14: warning: 'adc_mid_C' defined but not used [-Wunused-variable]
  153 | static float adc_mid_C = 2048.0f;
      |              ^~~~~~~~~
../Core/Src/main.c:152:14: warning: 'adc_mid_B' defined but not used [-Wunused-variable]
  152 | static float adc_mid_B = 2048.0f;
      |              ^~~~~~~~~
../Core/Src/main.c:151:14: warning: 'adc_mid_A' defined but not used [-Wunused-variable]
  151 | static float adc_mid_A = 2048.0f;
      |              ^~~~~~~~~
make: *** [Core/Src/subdir.mk:37: Core/Src/main.o] Error 1
"make -j12 all" terminated with exit code 2. Build might be incomplete.
16:21:21 **** Incremental Build of configuration Debug for project drv_initial_tests ****
make -j12 all 
arm-none-eabi-gcc "../Core/Src/main.c" -mcpu=cortex-m4 -std=gnu11 -g3 -DDEBUG -DUSE_HAL_DRIVER -DSTM32G474xx -c -I../Core/Inc -I../Drivers/STM32G4xx_HAL_Driver/Inc -I../Drivers/STM32G4xx_HAL_Driver/Inc/Legacy -I../Drivers/CMSIS/Device/ST/STM32G4xx/Include -I../Drivers/CMSIS/Include -O0 -ffunction-sections -fdata-sections -Wall -fstack-usage -fcyclomatic-complexity -MMD -MP -MF"Core/Src/main.d" -MT"Core/Src/main.o" --specs=nano.specs -mfpu=fpv4-sp-d16 -mfloat-abi=hard -mthumb -o "Core/Src/main.o"
../Core/Src/main.c:153:14: warning: 'adc_mid_C' defined but not used [-Wunused-variable]
  153 | static float adc_mid_C = 2048.0f;
      |              ^~~~~~~~~
../Core/Src/main.c:152:14: warning: 'adc_mid_B' defined but not used [-Wunused-variable]
  152 | static float adc_mid_B = 2048.0f;
      |              ^~~~~~~~~
../Core/Src/main.c:151:14: warning: 'adc_mid_A' defined but not used [-Wunused-variable]
  151 | static float adc_mid_A = 2048.0f;
      |              ^~~~~~~~~
arm-none-eabi-gcc -o "drv_initial_tests.elf" @"objects.list"   -mcpu=cortex-m4 -T"C:\Users\krzys\Desktop\inzynierka\BLDC_driver\BLDC_FOC_driver\software\drv_initial_tests\drv_initial_tests\STM32G474RETX_FLASH.ld" --specs=nosys.specs -Wl,-Map="drv_initial_tests.map" -Wl,--gc-sections -static --specs=nano.specs -mfpu=fpv4-sp-d16 -mfloat-abi=hard -mthumb -u _printf_float -Wl,--start-group -lc -lm -Wl,--end-group
Finished building target: drv_initial_tests.elf
 
arm-none-eabi-size  drv_initial_tests.elf 
arm-none-eabi-objdump -h -S drv_initial_tests.elf  > "drv_initial_tests.list"
   text	   data	    bss	    dec	    hex	filename
  64968	    492	   4372	  69832	  110c8	drv_initial_tests.elf
Finished building: default.size.stdout
 
Finished building: drv_initial_tests.list
 
16:32:13 **** Incremental Build of configuration Debug for project drv_initial_tests ****
make -j12 all 
arm-none-eabi-gcc "../Core/Src/main.c" -mcpu=cortex-m4 -std=gnu11 -g3 -DDEBUG -DUSE_HAL_DRIVER -DSTM32G474xx -c -I../Core/Inc -I../Drivers/STM32G4xx_HAL_Driver/Inc -I../Drivers/STM32G4xx_HAL_Driver/Inc/Legacy -I../Drivers/CMSIS/Device/ST/STM32G4xx/Include -I../Drivers/CMSIS/Include -O0 -ffunction-sections -fdata-sections -Wall -fstack-usage -fcyclomatic-complexity -MMD -MP -MF"Core/Src/main.d" -MT"Core/Src/main.o" --specs=nano.specs -mfpu=fpv4-sp-d16 -mfloat-abi=hard -mthumb -o "Core/Src/main.o"
arm-none-eabi-gcc -o "drv_initial_tests.elf" @"objects.list"   -mcpu=cortex-m4 -T"C:\Users\krzys\Desktop\inzynierka\BLDC_driver\BLDC_FOC_driver\software\drv_initial_tests\drv_initial_tests\STM32G474RETX_FLASH.ld" --specs=nosys.specs -Wl,-Map="drv_initial_tests.map" -Wl,--gc-sections -static --specs=nano.specs -mfpu=fpv4-sp-d16 -mfloat-abi=hard -mthumb -u _printf_float -Wl,--start-group -lc -lm -Wl,--end-group
Finished building target: drv_initial_tests.elf
 
arm-none-eabi-size  drv_initial_tests.elf 
arm-none-eabi-objdump -h -S drv_initial_tests.elf  > "drv_initial_tests.list"
   text	   data	    bss	    dec	    hex	filename
  67488	    504	   4376	  72368	  11ab0	drv_initial_tests.elf
Finished building: default.size.stdout
 
Finished building: drv_initial_tests.list
 
16:33:32 **** Incremental Build of configuration Debug for project drv_initial_tests ****
make -j12 all 
arm-none-eabi-gcc "../Core/Src/main.c" -mcpu=cortex-m4 -std=gnu11 -g3 -DDEBUG -DUSE_HAL_DRIVER -DSTM32G474xx -c -I../Core/Inc -I../Drivers/STM32G4xx_HAL_Driver/Inc -I../Drivers/STM32G4xx_HAL_Driver/Inc/Legacy -I../Drivers/CMSIS/Device/ST/STM32G4xx/Include -I../Drivers/CMSIS/Include -O0 -ffunction-sections -fdata-sections -Wall -fstack-usage -fcyclomatic-complexity -MMD -MP -MF"Core/Src/main.d" -MT"Core/Src/main.o" --specs=nano.specs -mfpu=fpv4-sp-d16 -mfloat-abi=hard -mthumb -o "Core/Src/main.o"
arm-none-eabi-gcc -o "drv_initial_tests.elf" @"objects.list"   -mcpu=cortex-m4 -T"C:\Users\krzys\Desktop\inzynierka\BLDC_driver\BLDC_FOC_driver\software\drv_initial_tests\drv_initial_tests\STM32G474RETX_FLASH.ld" --specs=nosys.specs -Wl,-Map="drv_initial_tests.map" -Wl,--gc-sections -static --specs=nano.specs -mfpu=fpv4-sp-d16 -mfloat-abi=hard -mthumb -u _printf_float -Wl,--start-group -lc -lm -Wl,--end-group
Finished building target: drv_initial_tests.elf
 
arm-none-eabi-size  drv_initial_tests.elf 
arm-none-eabi-objdump -h -S drv_initial_tests.elf  > "drv_initial_tests.list"
   text	   data	    bss	    dec	    hex	filename
  67488	    504	   4376	  72368	  11ab0	drv_initial_tests.elf
Finished building: default.size.stdout
 
Finished building: drv_initial_tests.list
 
16:41:02 **** Incremental Build of configuration Debug for project drv_initial_tests ****
make -j12 all 
arm-none-eabi-gcc "../Core/Src/main.c" -mcpu=cortex-m4 -std=gnu11 -g3 -DDEBUG -DUSE_HAL_DRIVER -DSTM32G474xx -c -I../Core/Inc -I../Drivers/STM32G4xx_HAL_Driver/Inc -I../Drivers/STM32G4xx_HAL_Driver/Inc/Legacy -I../Drivers/CMSIS/Device/ST/STM32G4xx/Include -I../Drivers/CMSIS/Include -O0 -ffunction-sections -fdata-sections -Wall -fstack-usage -fcyclomatic-complexity -MMD -MP -MF"Core/Src/main.d" -MT"Core/Src/main.o" --specs=nano.specs -mfpu=fpv4-sp-d16 -mfloat-abi=hard -mthumb -o "Core/Src/main.o"
arm-none-eabi-gcc -o "drv_initial_tests.elf" @"objects.list"   -mcpu=cortex-m4 -T"C:\Users\krzys\Desktop\inzynierka\BLDC_driver\BLDC_FOC_driver\software\drv_initial_tests\drv_initial_tests\STM32G474RETX_FLASH.ld" --specs=nosys.specs -Wl,-Map="drv_initial_tests.map" -Wl,--gc-sections -static --specs=nano.specs -mfpu=fpv4-sp-d16 -mfloat-abi=hard -mthumb -u _printf_float -Wl,--start-group -lc -lm -Wl,--end-group
Finished building target: drv_initial_tests.elf
 
arm-none-eabi-size  drv_initial_tests.elf 
arm-none-eabi-objdump -h -S drv_initial_tests.elf  > "drv_initial_tests.list"
   text	   data	    bss	    dec	    hex	filename
  66928	    504	   4376	  71808	  11880	drv_initial_tests.elf
Finished building: default.size.stdout
 
Finished building: drv_initial_tests.list
 
16:42:07 **** Incremental Build of configuration Debug for project drv_initial_tests ****
make -j12 all 
arm-none-eabi-size  drv_initial_tests.elf 
   text	   data	    bss	    dec	    hex	filename
  66928	    504	   4376	  71808	  11880	drv_initial_tests.elf
Finished building: default.size.stdout
 
16:44:39 **** Incremental Build of configuration Debug for project drv_initial_tests ****
make -j12 all 
arm-none-eabi-gcc "../Core/Src/main.c" -mcpu=cortex-m4 -std=gnu11 -g3 -DDEBUG -DUSE_HAL_DRIVER -DSTM32G474xx -c -I../Core/Inc -I../Drivers/STM32G4xx_HAL_Driver/Inc -I../Drivers/STM32G4xx_HAL_Driver/Inc/Legacy -I../Drivers/CMSIS/Device/ST/STM32G4xx/Include -I../Drivers/CMSIS/Include -O0 -ffunction-sections -fdata-sections -Wall -fstack-usage -fcyclomatic-complexity -MMD -MP -MF"Core/Src/main.d" -MT"Core/Src/main.o" --specs=nano.specs -mfpu=fpv4-sp-d16 -mfloat-abi=hard -mthumb -o "Core/Src/main.o"
arm-none-eabi-gcc -o "drv_initial_tests.elf" @"objects.list"   -mcpu=cortex-m4 -T"C:\Users\krzys\Desktop\inzynierka\BLDC_driver\BLDC_FOC_driver\software\drv_initial_tests\drv_initial_tests\STM32G474RETX_FLASH.ld" --specs=nosys.specs -Wl,-Map="drv_initial_tests.map" -Wl,--gc-sections -static --specs=nano.specs -mfpu=fpv4-sp-d16 -mfloat-abi=hard -mthumb -u _printf_float -Wl,--start-group -lc -lm -Wl,--end-group
Finished building target: drv_initial_tests.elf
 
arm-none-eabi-size  drv_initial_tests.elf 
arm-none-eabi-objdump -h -S drv_initial_tests.elf  > "drv_initial_tests.list"
   text	   data	    bss	    dec	    hex	filename
  66920	    504	   4376	  71800	  11878	drv_initial_tests.elf
Finished building: default.size.stdout
 
Finished building: drv_initial_tests.list
 
16:44:43 **** Incremental Build of configuration Debug for project drv_initial_tests ****
make -j12 all 
arm-none-eabi-size  drv_initial_tests.elf 
   text	   data	    bss	    dec	    hex	filename
  66920	    504	   4376	  71800	  11878	drv_initial_tests.elf
Finished building: default.size.stdout
 
16:48:24 **** Incremental Build of configuration Debug for project drv_initial_tests ****
make -j12 all 
arm-none-eabi-size  drv_initial_tests.elf 
   text	   data	    bss	    dec	    hex	filename
  66920	    504	   4376	  71800	  11878	drv_initial_tests.elf
Finished building: default.size.stdout
 
16:51:11 **** Incremental Build of configuration Debug for project drv_initial_tests ****
make -j12 all 
arm-none-eabi-size  drv_initial_tests.elf 
   text	   data	    bss	    dec	    hex	filename
  66920	    504	   4376	  71800	  11878	drv_initial_tests.elf
Finished building: default.size.stdout
 
17:04:00 **** Incremental Build of configuration Debug for project drv_initial_tests ****
make -j12 all 
arm-none-eabi-gcc "../Core/Src/main.c" -mcpu=cortex-m4 -std=gnu11 -g3 -DDEBUG -DUSE_HAL_DRIVER -DSTM32G474xx -c -I../Core/Inc -I../Drivers/STM32G4xx_HAL_Driver/Inc -I../Drivers/STM32G4xx_HAL_Driver/Inc/Legacy -I../Drivers/CMSIS/Device/ST/STM32G4xx/Include -I../Drivers/CMSIS/Include -O0 -ffunction-sections -fdata-sections -Wall -fstack-usage -fcyclomatic-complexity -MMD -MP -MF"Core/Src/main.d" -MT"Core/Src/main.o" --specs=nano.specs -mfpu=fpv4-sp-d16 -mfloat-abi=hard -mthumb -o "Core/Src/main.o"
../Core/Src/main.c:713:13: warning: 'CurrentSense_CalibrateMidpoints' defined but not used [-Wunused-function]
  713 | static void CurrentSense_CalibrateMidpoints(void)
      |             ^~~~~~~~~~~~~~~~~~~~~~~~~~~~~~~
arm-none-eabi-gcc -o "drv_initial_tests.elf" @"objects.list"   -mcpu=cortex-m4 -T"C:\Users\krzys\Desktop\inzynierka\BLDC_driver\BLDC_FOC_driver\software\drv_initial_tests\drv_initial_tests\STM32G474RETX_FLASH.ld" --specs=nosys.specs -Wl,-Map="drv_initial_tests.map" -Wl,--gc-sections -static --specs=nano.specs -mfpu=fpv4-sp-d16 -mfloat-abi=hard -mthumb -u _printf_float -Wl,--start-group -lc -lm -Wl,--end-group
Finished building target: drv_initial_tests.elf
 
arm-none-eabi-size  drv_initial_tests.elf 
arm-none-eabi-objdump -h -S drv_initial_tests.elf  > "drv_initial_tests.list"
   text	   data	    bss	    dec	    hex	filename
  67208	    492	   4380	  72080	  11990	drv_initial_tests.elf
Finished building: default.size.stdout
 
Finished building: drv_initial_tests.list
 
17:05:02 **** Incremental Build of configuration Debug for project drv_initial_tests ****
make -j12 all 
arm-none-eabi-gcc "../Core/Src/main.c" -mcpu=cortex-m4 -std=gnu11 -g3 -DDEBUG -DUSE_HAL_DRIVER -DSTM32G474xx -c -I../Core/Inc -I../Drivers/STM32G4xx_HAL_Driver/Inc -I../Drivers/STM32G4xx_HAL_Driver/Inc/Legacy -I../Drivers/CMSIS/Device/ST/STM32G4xx/Include -I../Drivers/CMSIS/Include -O0 -ffunction-sections -fdata-sections -Wall -fstack-usage -fcyclomatic-complexity -MMD -MP -MF"Core/Src/main.d" -MT"Core/Src/main.o" --specs=nano.specs -mfpu=fpv4-sp-d16 -mfloat-abi=hard -mthumb -o "Core/Src/main.o"
arm-none-eabi-gcc -o "drv_initial_tests.elf" @"objects.list"   -mcpu=cortex-m4 -T"C:\Users\krzys\Desktop\inzynierka\BLDC_driver\BLDC_FOC_driver\software\drv_initial_tests\drv_initial_tests\STM32G474RETX_FLASH.ld" --specs=nosys.specs -Wl,-Map="drv_initial_tests.map" -Wl,--gc-sections -static --specs=nano.specs -mfpu=fpv4-sp-d16 -mfloat-abi=hard -mthumb -u _printf_float -Wl,--start-group -lc -lm -Wl,--end-group
Finished building target: drv_initial_tests.elf
 
arm-none-eabi-size  drv_initial_tests.elf 
arm-none-eabi-objdump -h -S drv_initial_tests.elf  > "drv_initial_tests.list"
   text	   data	    bss	    dec	    hex	filename
  67488	    504	   4376	  72368	  11ab0	drv_initial_tests.elf
Finished building: default.size.stdout
 
Finished building: drv_initial_tests.list
 
17:05:32 **** Incremental Build of configuration Debug for project drv_initial_tests ****
make -j12 all 
arm-none-eabi-gcc "../Core/Src/main.c" -mcpu=cortex-m4 -std=gnu11 -g3 -DDEBUG -DUSE_HAL_DRIVER -DSTM32G474xx -c -I../Core/Inc -I../Drivers/STM32G4xx_HAL_Driver/Inc -I../Drivers/STM32G4xx_HAL_Driver/Inc/Legacy -I../Drivers/CMSIS/Device/ST/STM32G4xx/Include -I../Drivers/CMSIS/Include -O0 -ffunction-sections -fdata-sections -Wall -fstack-usage -fcyclomatic-complexity -MMD -MP -MF"Core/Src/main.d" -MT"Core/Src/main.o" --specs=nano.specs -mfpu=fpv4-sp-d16 -mfloat-abi=hard -mthumb -o "Core/Src/main.o"
arm-none-eabi-gcc -o "drv_initial_tests.elf" @"objects.list"   -mcpu=cortex-m4 -T"C:\Users\krzys\Desktop\inzynierka\BLDC_driver\BLDC_FOC_driver\software\drv_initial_tests\drv_initial_tests\STM32G474RETX_FLASH.ld" --specs=nosys.specs -Wl,-Map="drv_initial_tests.map" -Wl,--gc-sections -static --specs=nano.specs -mfpu=fpv4-sp-d16 -mfloat-abi=hard -mthumb -u _printf_float -Wl,--start-group -lc -lm -Wl,--end-group
Finished building target: drv_initial_tests.elf
 
arm-none-eabi-size  drv_initial_tests.elf 
arm-none-eabi-objdump -h -S drv_initial_tests.elf  > "drv_initial_tests.list"
   text	   data	    bss	    dec	    hex	filename
  67488	    504	   4376	  72368	  11ab0	drv_initial_tests.elf
Finished building: default.size.stdout
 
Finished building: drv_initial_tests.list
 
17:05:35 **** Incremental Build of configuration Debug for project drv_initial_tests ****
make -j12 all 
arm-none-eabi-size  drv_initial_tests.elf 
   text	   data	    bss	    dec	    hex	filename
  67488	    504	   4376	  72368	  11ab0	drv_initial_tests.elf
Finished building: default.size.stdout
 
17:12:24 **** Incremental Build of configuration Debug for project drv_initial_tests ****
make -j12 all 
arm-none-eabi-gcc "../Core/Src/main.c" -mcpu=cortex-m4 -std=gnu11 -g3 -DDEBUG -DUSE_HAL_DRIVER -DSTM32G474xx -c -I../Core/Inc -I../Drivers/STM32G4xx_HAL_Driver/Inc -I../Drivers/STM32G4xx_HAL_Driver/Inc/Legacy -I../Drivers/CMSIS/Device/ST/STM32G4xx/Include -I../Drivers/CMSIS/Include -O0 -ffunction-sections -fdata-sections -Wall -fstack-usage -fcyclomatic-complexity -MMD -MP -MF"Core/Src/main.d" -MT"Core/Src/main.o" --specs=nano.specs -mfpu=fpv4-sp-d16 -mfloat-abi=hard -mthumb -o "Core/Src/main.o"
arm-none-eabi-gcc "../Core/Src/stm32g4xx_it.c" -mcpu=cortex-m4 -std=gnu11 -g3 -DDEBUG -DUSE_HAL_DRIVER -DSTM32G474xx -c -I../Core/Inc -I../Drivers/STM32G4xx_HAL_Driver/Inc -I../Drivers/STM32G4xx_HAL_Driver/Inc/Legacy -I../Drivers/CMSIS/Device/ST/STM32G4xx/Include -I../Drivers/CMSIS/Include -O0 -ffunction-sections -fdata-sections -Wall -fstack-usage -fcyclomatic-complexity -MMD -MP -MF"Core/Src/stm32g4xx_it.d" -MT"Core/Src/stm32g4xx_it.o" --specs=nano.specs -mfpu=fpv4-sp-d16 -mfloat-abi=hard -mthumb -o "Core/Src/stm32g4xx_it.o"
arm-none-eabi-gcc -o "drv_initial_tests.elf" @"objects.list"   -mcpu=cortex-m4 -T"C:\Users\krzys\Desktop\inzynierka\BLDC_driver\BLDC_FOC_driver\software\drv_initial_tests\drv_initial_tests\STM32G474RETX_FLASH.ld" --specs=nosys.specs -Wl,-Map="drv_initial_tests.map" -Wl,--gc-sections -static --specs=nano.specs -mfpu=fpv4-sp-d16 -mfloat-abi=hard -mthumb -u _printf_float -Wl,--start-group -lc -lm -Wl,--end-group
Finished building target: drv_initial_tests.elf
 
arm-none-eabi-size  drv_initial_tests.elf 
arm-none-eabi-objdump -h -S drv_initial_tests.elf  > "drv_initial_tests.list"
   text	   data	    bss	    dec	    hex	filename
  67448	    504	   4376	  72328	  11a88	drv_initial_tests.elf
Finished building: default.size.stdout
 
Finished building: drv_initial_tests.list
 
17:13:57 **** Incremental Build of configuration Debug for project drv_initial_tests ****
make -j12 all 
arm-none-eabi-gcc "../Core/Src/main.c" -mcpu=cortex-m4 -std=gnu11 -g3 -DDEBUG -DUSE_HAL_DRIVER -DSTM32G474xx -c -I../Core/Inc -I../Drivers/STM32G4xx_HAL_Driver/Inc -I../Drivers/STM32G4xx_HAL_Driver/Inc/Legacy -I../Drivers/CMSIS/Device/ST/STM32G4xx/Include -I../Drivers/CMSIS/Include -O0 -ffunction-sections -fdata-sections -Wall -fstack-usage -fcyclomatic-complexity -MMD -MP -MF"Core/Src/main.d" -MT"Core/Src/main.o" --specs=nano.specs -mfpu=fpv4-sp-d16 -mfloat-abi=hard -mthumb -o "Core/Src/main.o"
arm-none-eabi-gcc -o "drv_initial_tests.elf" @"objects.list"   -mcpu=cortex-m4 -T"C:\Users\krzys\Desktop\inzynierka\BLDC_driver\BLDC_FOC_driver\software\drv_initial_tests\drv_initial_tests\STM32G474RETX_FLASH.ld" --specs=nosys.specs -Wl,-Map="drv_initial_tests.map" -Wl,--gc-sections -static --specs=nano.specs -mfpu=fpv4-sp-d16 -mfloat-abi=hard -mthumb -u _printf_float -Wl,--start-group -lc -lm -Wl,--end-group
Finished building target: drv_initial_tests.elf
 
arm-none-eabi-size  drv_initial_tests.elf 
arm-none-eabi-objdump -h -S drv_initial_tests.elf  > "drv_initial_tests.list"
   text	   data	    bss	    dec	    hex	filename
  67456	    504	   4376	  72336	  11a90	drv_initial_tests.elf
Finished building: default.size.stdout
 
Finished building: drv_initial_tests.list
 
17:23:49 **** Incremental Build of configuration Debug for project drv_initial_tests ****
make -j12 all 
arm-none-eabi-gcc "../Core/Src/stm32g4xx_hal_msp.c" -mcpu=cortex-m4 -std=gnu11 -g3 -DDEBUG -DUSE_HAL_DRIVER -DSTM32G474xx -c -I../Core/Inc -I../Drivers/STM32G4xx_HAL_Driver/Inc -I../Drivers/STM32G4xx_HAL_Driver/Inc/Legacy -I../Drivers/CMSIS/Device/ST/STM32G4xx/Include -I../Drivers/CMSIS/Include -O0 -ffunction-sections -fdata-sections -Wall -fstack-usage -fcyclomatic-complexity -MMD -MP -MF"Core/Src/stm32g4xx_hal_msp.d" -MT"Core/Src/stm32g4xx_hal_msp.o" --specs=nano.specs -mfpu=fpv4-sp-d16 -mfloat-abi=hard -mthumb -o "Core/Src/stm32g4xx_hal_msp.o"
arm-none-eabi-gcc -o "drv_initial_tests.elf" @"objects.list"   -mcpu=cortex-m4 -T"C:\Users\krzys\Desktop\inzynierka\BLDC_driver\BLDC_FOC_driver\software\drv_initial_tests\drv_initial_tests\STM32G474RETX_FLASH.ld" --specs=nosys.specs -Wl,-Map="drv_initial_tests.map" -Wl,--gc-sections -static --specs=nano.specs -mfpu=fpv4-sp-d16 -mfloat-abi=hard -mthumb -u _printf_float -Wl,--start-group -lc -lm -Wl,--end-group
Finished building target: drv_initial_tests.elf
 
arm-none-eabi-size  drv_initial_tests.elf 
arm-none-eabi-objdump -h -S drv_initial_tests.elf  > "drv_initial_tests.list"
   text	   data	    bss	    dec	    hex	filename
  67456	    504	   4376	  72336	  11a90	drv_initial_tests.elf
Finished building: default.size.stdout
 
Finished building: drv_initial_tests.list
 
17:27:29 **** Incremental Build of configuration Debug for project drv_initial_tests ****
make -j12 all 
arm-none-eabi-gcc "../Core/Src/main.c" -mcpu=cortex-m4 -std=gnu11 -g3 -DDEBUG -DUSE_HAL_DRIVER -DSTM32G474xx -c -I../Core/Inc -I../Drivers/STM32G4xx_HAL_Driver/Inc -I../Drivers/STM32G4xx_HAL_Driver/Inc/Legacy -I../Drivers/CMSIS/Device/ST/STM32G4xx/Include -I../Drivers/CMSIS/Include -O0 -ffunction-sections -fdata-sections -Wall -fstack-usage -fcyclomatic-complexity -MMD -MP -MF"Core/Src/main.d" -MT"Core/Src/main.o" --specs=nano.specs -mfpu=fpv4-sp-d16 -mfloat-abi=hard -mthumb -o "Core/Src/main.o"
arm-none-eabi-gcc -o "drv_initial_tests.elf" @"objects.list"   -mcpu=cortex-m4 -T"C:\Users\krzys\Desktop\inzynierka\BLDC_driver\BLDC_FOC_driver\software\drv_initial_tests\drv_initial_tests\STM32G474RETX_FLASH.ld" --specs=nosys.specs -Wl,-Map="drv_initial_tests.map" -Wl,--gc-sections -static --specs=nano.specs -mfpu=fpv4-sp-d16 -mfloat-abi=hard -mthumb -u _printf_float -Wl,--start-group -lc -lm -Wl,--end-group
Finished building target: drv_initial_tests.elf
 
arm-none-eabi-size  drv_initial_tests.elf 
arm-none-eabi-objdump -h -S drv_initial_tests.elf  > "drv_initial_tests.list"
   text	   data	    bss	    dec	    hex	filename
  67000	    504	   4376	  71880	  118c8	drv_initial_tests.elf
Finished building: default.size.stdout
 
Finished building: drv_initial_tests.list
 
17:27:33 **** Incremental Build of configuration Debug for project drv_initial_tests ****
make -j12 all 
arm-none-eabi-size  drv_initial_tests.elf 
   text	   data	    bss	    dec	    hex	filename
  67000	    504	   4376	  71880	  118c8	drv_initial_tests.elf
Finished building: default.size.stdout
 
17:33:29 **** Incremental Build of configuration Debug for project drv_initial_tests ****
make -j12 all 
arm-none-eabi-gcc "../Core/Src/main.c" -mcpu=cortex-m4 -std=gnu11 -g3 -DDEBUG -DUSE_HAL_DRIVER -DSTM32G474xx -c -I../Core/Inc -I../Drivers/STM32G4xx_HAL_Driver/Inc -I../Drivers/STM32G4xx_HAL_Driver/Inc/Legacy -I../Drivers/CMSIS/Device/ST/STM32G4xx/Include -I../Drivers/CMSIS/Include -O0 -ffunction-sections -fdata-sections -Wall -fstack-usage -fcyclomatic-complexity -MMD -MP -MF"Core/Src/main.d" -MT"Core/Src/main.o" --specs=nano.specs -mfpu=fpv4-sp-d16 -mfloat-abi=hard -mthumb -o "Core/Src/main.o"
arm-none-eabi-gcc -o "drv_initial_tests.elf" @"objects.list"   -mcpu=cortex-m4 -T"C:\Users\krzys\Desktop\inzynierka\BLDC_driver\BLDC_FOC_driver\software\drv_initial_tests\drv_initial_tests\STM32G474RETX_FLASH.ld" --specs=nosys.specs -Wl,-Map="drv_initial_tests.map" -Wl,--gc-sections -static --specs=nano.specs -mfpu=fpv4-sp-d16 -mfloat-abi=hard -mthumb -u _printf_float -Wl,--start-group -lc -lm -Wl,--end-group
Finished building target: drv_initial_tests.elf
 
arm-none-eabi-size  drv_initial_tests.elf 
arm-none-eabi-objdump -h -S drv_initial_tests.elf  > "drv_initial_tests.list"
   text	   data	    bss	    dec	    hex	filename
  67456	    504	   4376	  72336	  11a90	drv_initial_tests.elf
Finished building: default.size.stdout
 
Finished building: drv_initial_tests.list
 
17:41:27 **** Incremental Build of configuration Debug for project drv_initial_tests ****
make -j12 all 
arm-none-eabi-gcc "../Core/Src/main.c" -mcpu=cortex-m4 -std=gnu11 -g3 -DDEBUG -DUSE_HAL_DRIVER -DSTM32G474xx -c -I../Core/Inc -I../Drivers/STM32G4xx_HAL_Driver/Inc -I../Drivers/STM32G4xx_HAL_Driver/Inc/Legacy -I../Drivers/CMSIS/Device/ST/STM32G4xx/Include -I../Drivers/CMSIS/Include -O0 -ffunction-sections -fdata-sections -Wall -fstack-usage -fcyclomatic-complexity -MMD -MP -MF"Core/Src/main.d" -MT"Core/Src/main.o" --specs=nano.specs -mfpu=fpv4-sp-d16 -mfloat-abi=hard -mthumb -o "Core/Src/main.o"
arm-none-eabi-gcc -o "drv_initial_tests.elf" @"objects.list"   -mcpu=cortex-m4 -T"C:\Users\krzys\Desktop\inzynierka\BLDC_driver\BLDC_FOC_driver\software\drv_initial_tests\drv_initial_tests\STM32G474RETX_FLASH.ld" --specs=nosys.specs -Wl,-Map="drv_initial_tests.map" -Wl,--gc-sections -static --specs=nano.specs -mfpu=fpv4-sp-d16 -mfloat-abi=hard -mthumb -u _printf_float -Wl,--start-group -lc -lm -Wl,--end-group
Finished building target: drv_initial_tests.elf
 
arm-none-eabi-size  drv_initial_tests.elf 
arm-none-eabi-objdump -h -S drv_initial_tests.elf  > "drv_initial_tests.list"
   text	   data	    bss	    dec	    hex	filename
  67456	    504	   4376	  72336	  11a90	drv_initial_tests.elf
Finished building: default.size.stdout
 
Finished building: drv_initial_tests.list
 
17:41:42 **** Incremental Build of configuration Debug for project drv_initial_tests ****
make -j12 all 
arm-none-eabi-size  drv_initial_tests.elf 
   text	   data	    bss	    dec	    hex	filename
  67456	    504	   4376	  72336	  11a90	drv_initial_tests.elf
Finished building: default.size.stdout
 
17:41:44 **** Incremental Build of configuration Debug for project drv_initial_tests ****
make -j12 all 
arm-none-eabi-size  drv_initial_tests.elf 
   text	   data	    bss	    dec	    hex	filename
  67456	    504	   4376	  72336	  11a90	drv_initial_tests.elf
Finished building: default.size.stdout
 
17:42:35 **** Incremental Build of configuration Debug for project drv_initial_tests ****
make -j12 all 
arm-none-eabi-size  drv_initial_tests.elf 
   text	   data	    bss	    dec	    hex	filename
  67456	    504	   4376	  72336	  11a90	drv_initial_tests.elf
Finished building: default.size.stdout
 
17:48:33 **** Incremental Build of configuration Debug for project drv_initial_tests ****
make -j12 all 
arm-none-eabi-gcc "../Core/Src/main.c" -mcpu=cortex-m4 -std=gnu11 -g3 -DDEBUG -DUSE_HAL_DRIVER -DSTM32G474xx -c -I../Core/Inc -I../Drivers/STM32G4xx_HAL_Driver/Inc -I../Drivers/STM32G4xx_HAL_Driver/Inc/Legacy -I../Drivers/CMSIS/Device/ST/STM32G4xx/Include -I../Drivers/CMSIS/Include -O0 -ffunction-sections -fdata-sections -Wall -fstack-usage -fcyclomatic-complexity -MMD -MP -MF"Core/Src/main.d" -MT"Core/Src/main.o" --specs=nano.specs -mfpu=fpv4-sp-d16 -mfloat-abi=hard -mthumb -o "Core/Src/main.o"
arm-none-eabi-gcc -o "drv_initial_tests.elf" @"objects.list"   -mcpu=cortex-m4 -T"C:\Users\krzys\Desktop\inzynierka\BLDC_driver\BLDC_FOC_driver\software\drv_initial_tests\drv_initial_tests\STM32G474RETX_FLASH.ld" --specs=nosys.specs -Wl,-Map="drv_initial_tests.map" -Wl,--gc-sections -static --specs=nano.specs -mfpu=fpv4-sp-d16 -mfloat-abi=hard -mthumb -u _printf_float -Wl,--start-group -lc -lm -Wl,--end-group
Finished building target: drv_initial_tests.elf
 
arm-none-eabi-size  drv_initial_tests.elf 
arm-none-eabi-objdump -h -S drv_initial_tests.elf  > "drv_initial_tests.list"
   text	   data	    bss	    dec	    hex	filename
  67456	    504	   4376	  72336	  11a90	drv_initial_tests.elf
Finished building: default.size.stdout
 
Finished building: drv_initial_tests.list
 
18:01:26 **** Incremental Build of configuration Debug for project drv_initial_tests ****
make -j12 all 
arm-none-eabi-gcc "../Core/Src/main.c" -mcpu=cortex-m4 -std=gnu11 -g3 -DDEBUG -DUSE_HAL_DRIVER -DSTM32G474xx -c -I../Core/Inc -I../Drivers/STM32G4xx_HAL_Driver/Inc -I../Drivers/STM32G4xx_HAL_Driver/Inc/Legacy -I../Drivers/CMSIS/Device/ST/STM32G4xx/Include -I../Drivers/CMSIS/Include -O0 -ffunction-sections -fdata-sections -Wall -fstack-usage -fcyclomatic-complexity -MMD -MP -MF"Core/Src/main.d" -MT"Core/Src/main.o" --specs=nano.specs -mfpu=fpv4-sp-d16 -mfloat-abi=hard -mthumb -o "Core/Src/main.o"
arm-none-eabi-gcc -o "drv_initial_tests.elf" @"objects.list"   -mcpu=cortex-m4 -T"C:\Users\krzys\Desktop\inzynierka\BLDC_driver\BLDC_FOC_driver\software\drv_initial_tests\drv_initial_tests\STM32G474RETX_FLASH.ld" --specs=nosys.specs -Wl,-Map="drv_initial_tests.map" -Wl,--gc-sections -static --specs=nano.specs -mfpu=fpv4-sp-d16 -mfloat-abi=hard -mthumb -u _printf_float -Wl,--start-group -lc -lm -Wl,--end-group
Finished building target: drv_initial_tests.elf
 
arm-none-eabi-size  drv_initial_tests.elf 
arm-none-eabi-objdump -h -S drv_initial_tests.elf  > "drv_initial_tests.list"
   text	   data	    bss	    dec	    hex	filename
  67456	    504	   4376	  72336	  11a90	drv_initial_tests.elf
Finished building: default.size.stdout
 
Finished building: drv_initial_tests.list
 
18:01:30 **** Incremental Build of configuration Debug for project drv_initial_tests ****
make -j12 all 
arm-none-eabi-size  drv_initial_tests.elf 
   text	   data	    bss	    dec	    hex	filename
  67456	    504	   4376	  72336	  11a90	drv_initial_tests.elf
Finished building: default.size.stdout
 
18:32:43 **** Incremental Build of configuration Debug for project drv_initial_tests ****
make -j12 all 
arm-none-eabi-gcc "../Core/Src/main.c" -mcpu=cortex-m4 -std=gnu11 -g3 -DDEBUG -DUSE_HAL_DRIVER -DSTM32G474xx -c -I../Core/Inc -I../Drivers/STM32G4xx_HAL_Driver/Inc -I../Drivers/STM32G4xx_HAL_Driver/Inc/Legacy -I../Drivers/CMSIS/Device/ST/STM32G4xx/Include -I../Drivers/CMSIS/Include -O0 -ffunction-sections -fdata-sections -Wall -fstack-usage -fcyclomatic-complexity -MMD -MP -MF"Core/Src/main.d" -MT"Core/Src/main.o" --specs=nano.specs -mfpu=fpv4-sp-d16 -mfloat-abi=hard -mthumb -o "Core/Src/main.o"
arm-none-eabi-gcc -o "drv_initial_tests.elf" @"objects.list"   -mcpu=cortex-m4 -T"C:\Users\krzys\Desktop\inzynierka\BLDC_driver\BLDC_FOC_driver\software\drv_initial_tests\drv_initial_tests\STM32G474RETX_FLASH.ld" --specs=nosys.specs -Wl,-Map="drv_initial_tests.map" -Wl,--gc-sections -static --specs=nano.specs -mfpu=fpv4-sp-d16 -mfloat-abi=hard -mthumb -u _printf_float -Wl,--start-group -lc -lm -Wl,--end-group
Finished building target: drv_initial_tests.elf
 
arm-none-eabi-size  drv_initial_tests.elf 
arm-none-eabi-objdump -h -S drv_initial_tests.elf  > "drv_initial_tests.list"
   text	   data	    bss	    dec	    hex	filename
  67456	    504	   4376	  72336	  11a90	drv_initial_tests.elf
Finished building: default.size.stdout
 
Finished building: drv_initial_tests.list
 
18:35:03 **** Incremental Build of configuration Debug for project drv_initial_tests ****
make -j12 all 
arm-none-eabi-gcc "../Core/Src/main.c" -mcpu=cortex-m4 -std=gnu11 -g3 -DDEBUG -DUSE_HAL_DRIVER -DSTM32G474xx -c -I../Core/Inc -I../Drivers/STM32G4xx_HAL_Driver/Inc -I../Drivers/STM32G4xx_HAL_Driver/Inc/Legacy -I../Drivers/CMSIS/Device/ST/STM32G4xx/Include -I../Drivers/CMSIS/Include -O0 -ffunction-sections -fdata-sections -Wall -fstack-usage -fcyclomatic-complexity -MMD -MP -MF"Core/Src/main.d" -MT"Core/Src/main.o" --specs=nano.specs -mfpu=fpv4-sp-d16 -mfloat-abi=hard -mthumb -o "Core/Src/main.o"
arm-none-eabi-gcc -o "drv_initial_tests.elf" @"objects.list"   -mcpu=cortex-m4 -T"C:\Users\krzys\Desktop\inzynierka\BLDC_driver\BLDC_FOC_driver\software\drv_initial_tests\drv_initial_tests\STM32G474RETX_FLASH.ld" --specs=nosys.specs -Wl,-Map="drv_initial_tests.map" -Wl,--gc-sections -static --specs=nano.specs -mfpu=fpv4-sp-d16 -mfloat-abi=hard -mthumb -u _printf_float -Wl,--start-group -lc -lm -Wl,--end-group
Finished building target: drv_initial_tests.elf
 
arm-none-eabi-size  drv_initial_tests.elf 
arm-none-eabi-objdump -h -S drv_initial_tests.elf  > "drv_initial_tests.list"
   text	   data	    bss	    dec	    hex	filename
  67456	    492	   4388	  72336	  11a90	drv_initial_tests.elf
Finished building: default.size.stdout
 
Finished building: drv_initial_tests.list
 
18:35:29 **** Incremental Build of configuration Debug for project drv_initial_tests ****
make -j12 all 
arm-none-eabi-size  drv_initial_tests.elf 
   text	   data	    bss	    dec	    hex	filename
  67456	    492	   4388	  72336	  11a90	drv_initial_tests.elf
Finished building: default.size.stdout
 
18:38:43 **** Incremental Build of configuration Debug for project drv_initial_tests ****
make -j12 all 
arm-none-eabi-gcc "../Core/Src/main.c" -mcpu=cortex-m4 -std=gnu11 -g3 -DDEBUG -DUSE_HAL_DRIVER -DSTM32G474xx -c -I../Core/Inc -I../Drivers/STM32G4xx_HAL_Driver/Inc -I../Drivers/STM32G4xx_HAL_Driver/Inc/Legacy -I../Drivers/CMSIS/Device/ST/STM32G4xx/Include -I../Drivers/CMSIS/Include -O0 -ffunction-sections -fdata-sections -Wall -fstack-usage -fcyclomatic-complexity -MMD -MP -MF"Core/Src/main.d" -MT"Core/Src/main.o" --specs=nano.specs -mfpu=fpv4-sp-d16 -mfloat-abi=hard -mthumb -o "Core/Src/main.o"
arm-none-eabi-gcc -o "drv_initial_tests.elf" @"objects.list"   -mcpu=cortex-m4 -T"C:\Users\krzys\Desktop\inzynierka\BLDC_driver\BLDC_FOC_driver\software\drv_initial_tests\drv_initial_tests\STM32G474RETX_FLASH.ld" --specs=nosys.specs -Wl,-Map="drv_initial_tests.map" -Wl,--gc-sections -static --specs=nano.specs -mfpu=fpv4-sp-d16 -mfloat-abi=hard -mthumb -u _printf_float -Wl,--start-group -lc -lm -Wl,--end-group
Finished building target: drv_initial_tests.elf
 
arm-none-eabi-size  drv_initial_tests.elf 
arm-none-eabi-objdump -h -S drv_initial_tests.elf  > "drv_initial_tests.list"
   text	   data	    bss	    dec	    hex	filename
  67456	    492	   4388	  72336	  11a90	drv_initial_tests.elf
Finished building: default.size.stdout
 
Finished building: drv_initial_tests.list
 
18:43:45 **** Incremental Build of configuration Debug for project drv_initial_tests ****
make -j12 all 
arm-none-eabi-gcc "../Core/Src/main.c" -mcpu=cortex-m4 -std=gnu11 -g3 -DDEBUG -DUSE_HAL_DRIVER -DSTM32G474xx -c -I../Core/Inc -I../Drivers/STM32G4xx_HAL_Driver/Inc -I../Drivers/STM32G4xx_HAL_Driver/Inc/Legacy -I../Drivers/CMSIS/Device/ST/STM32G4xx/Include -I../Drivers/CMSIS/Include -O0 -ffunction-sections -fdata-sections -Wall -fstack-usage -fcyclomatic-complexity -MMD -MP -MF"Core/Src/main.d" -MT"Core/Src/main.o" --specs=nano.specs -mfpu=fpv4-sp-d16 -mfloat-abi=hard -mthumb -o "Core/Src/main.o"
../Core/Src/main.c: In function 'HAL_TIM_PeriodElapsedCallback':
../Core/Src/main.c:701:13: warning: implicit declaration of function 'CurrentSense_GetPhaseCurrents' [-Wimplicit-function-declaration]
  701 |             CurrentSense_GetPhaseCurrents(&ia, &ib, &ic);
      |             ^~~~~~~~~~~~~~~~~~~~~~~~~~~~~
../Core/Src/main.c:774:5: warning: 'main' is normally a non-static function [-Wmain]
  774 | int main(void)
      |     ^~~~
../Core/Src/main.c:949:13: error: invalid storage class for function 'MX_ADC1_Init'
  949 | static void MX_ADC1_Init(void)
      |             ^~~~~~~~~~~~
../Core/Src/main.c:1017:13: error: invalid storage class for function 'MX_ADC2_Init'
 1017 | static void MX_ADC2_Init(void)
      |             ^~~~~~~~~~~~
../Core/Src/main.c:1076:13: error: invalid storage class for function 'MX_ADC3_Init'
 1076 | static void MX_ADC3_Init(void)
      |             ^~~~~~~~~~~~
../Core/Src/main.c:1144:13: error: invalid storage class for function 'MX_ADC4_Init'
 1144 | static void MX_ADC4_Init(void)
      |             ^~~~~~~~~~~~
../Core/Src/main.c:1203:13: error: invalid storage class for function 'MX_ADC5_Init'
 1203 | static void MX_ADC5_Init(void)
      |             ^~~~~~~~~~~~
../Core/Src/main.c:1262:13: error: invalid storage class for function 'MX_FDCAN2_Init'
 1262 | static void MX_FDCAN2_Init(void)
      |             ^~~~~~~~~~~~~~
../Core/Src/main.c:1305:13: error: invalid storage class for function 'MX_I2C3_Init'
 1305 | static void MX_I2C3_Init(void)
      |             ^~~~~~~~~~~~
../Core/Src/main.c:1353:13: error: invalid storage class for function 'MX_I2C4_Init'
 1353 | static void MX_I2C4_Init(void)
      |             ^~~~~~~~~~~~
../Core/Src/main.c:1401:13: error: invalid storage class for function 'MX_IWDG_Init'
 1401 | static void MX_IWDG_Init(void)
      |             ^~~~~~~~~~~~
../Core/Src/main.c:1430:13: error: invalid storage class for function 'MX_SPI1_Init'
 1430 | static void MX_SPI1_Init(void)
      |             ^~~~~~~~~~~~
../Core/Src/main.c:1470:13: error: invalid storage class for function 'MX_SPI2_Init'
 1470 | static void MX_SPI2_Init(void)
      |             ^~~~~~~~~~~~
../Core/Src/main.c:1510:13: error: invalid storage class for function 'MX_SPI3_Init'
 1510 | static void MX_SPI3_Init(void)
      |             ^~~~~~~~~~~~
../Core/Src/main.c:1550:13: error: invalid storage class for function 'MX_TIM1_Init'
 1550 | static void MX_TIM1_Init(void)
      |             ^~~~~~~~~~~~
../Core/Src/main.c:1654:13: error: invalid storage class for function 'MX_TIM6_Init'
 1654 | static void MX_TIM6_Init(void)
      |             ^~~~~~~~~~~~
../Core/Src/main.c:1692:13: error: invalid storage class for function 'MX_TIM7_Init'
 1692 | static void MX_TIM7_Init(void)
      |             ^~~~~~~~~~~~
../Core/Src/main.c:1730:13: error: invalid storage class for function 'MX_USART1_UART_Init'
 1730 | static void MX_USART1_UART_Init(void)
      |             ^~~~~~~~~~~~~~~~~~~
../Core/Src/main.c:1776:13: error: invalid storage class for function 'MX_DMA_Init'
 1776 | static void MX_DMA_Init(void)
      |             ^~~~~~~~~~~
../Core/Src/main.c:1801:13: error: invalid storage class for function 'MX_GPIO_Init'
 1801 | static void MX_GPIO_Init(void)
      |             ^~~~~~~~~~~~
../Core/Src/main.c:1910:1: error: expected declaration or statement at end of input
 1910 | }
      | ^
../Core/Src/main.c: At top level:
../Core/Src/main.c:163:13: warning: 'MX_GPIO_Init' used but never defined
  163 | static void MX_GPIO_Init(void);
      |             ^~~~~~~~~~~~
../Core/Src/main.c:164:13: warning: 'MX_DMA_Init' used but never defined
  164 | static void MX_DMA_Init(void);
      |             ^~~~~~~~~~~
../Core/Src/main.c:165:13: warning: 'MX_FDCAN2_Init' used but never defined
  165 | static void MX_FDCAN2_Init(void);
      |             ^~~~~~~~~~~~~~
../Core/Src/main.c:166:13: warning: 'MX_ADC1_Init' used but never defined
  166 | static void MX_ADC1_Init(void);
      |             ^~~~~~~~~~~~
../Core/Src/main.c:167:13: warning: 'MX_ADC2_Init' used but never defined
  167 | static void MX_ADC2_Init(void);
      |             ^~~~~~~~~~~~
../Core/Src/main.c:168:13: warning: 'MX_ADC3_Init' used but never defined
  168 | static void MX_ADC3_Init(void);
      |             ^~~~~~~~~~~~
../Core/Src/main.c:169:13: warning: 'MX_ADC5_Init' used but never defined
  169 | static void MX_ADC5_Init(void);
      |             ^~~~~~~~~~~~
../Core/Src/main.c:170:13: warning: 'MX_SPI1_Init' used but never defined
  170 | static void MX_SPI1_Init(void);
      |             ^~~~~~~~~~~~
../Core/Src/main.c:171:13: warning: 'MX_SPI2_Init' used but never defined
  171 | static void MX_SPI2_Init(void);
      |             ^~~~~~~~~~~~
../Core/Src/main.c:172:13: warning: 'MX_SPI3_Init' used but never defined
  172 | static void MX_SPI3_Init(void);
      |             ^~~~~~~~~~~~
../Core/Src/main.c:173:13: warning: 'MX_TIM1_Init' used but never defined
  173 | static void MX_TIM1_Init(void);
      |             ^~~~~~~~~~~~
../Core/Src/main.c:174:13: warning: 'MX_I2C3_Init' used but never defined
  174 | static void MX_I2C3_Init(void);
      |             ^~~~~~~~~~~~
../Core/Src/main.c:175:13: warning: 'MX_USART1_UART_Init' used but never defined
  175 | static void MX_USART1_UART_Init(void);
      |             ^~~~~~~~~~~~~~~~~~~
../Core/Src/main.c:176:13: warning: 'MX_I2C4_Init' used but never defined
  176 | static void MX_I2C4_Init(void);
      |             ^~~~~~~~~~~~
../Core/Src/main.c:177:13: warning: 'MX_ADC4_Init' used but never defined
  177 | static void MX_ADC4_Init(void);
      |             ^~~~~~~~~~~~
../Core/Src/main.c:178:13: warning: 'MX_TIM6_Init' used but never defined
  178 | static void MX_TIM6_Init(void);
      |             ^~~~~~~~~~~~
../Core/Src/main.c:179:13: warning: 'MX_IWDG_Init' used but never defined
  179 | static void MX_IWDG_Init(void);
      |             ^~~~~~~~~~~~
../Core/Src/main.c:180:13: warning: 'MX_TIM7_Init' used but never defined
  180 | static void MX_TIM7_Init(void);
      |             ^~~~~~~~~~~~
../Core/Src/main.c:1901:6: warning: 'Error_Handler' defined but not used [-Wunused-function]
 1901 | void Error_Handler(void)
      |      ^~~~~~~~~~~~~
../Core/Src/main.c:1801:13: warning: 'MX_GPIO_Init' defined but not used [-Wunused-function]
 1801 | static void MX_GPIO_Init(void)
      |             ^~~~~~~~~~~~
../Core/Src/main.c:1776:13: warning: 'MX_DMA_Init' defined but not used [-Wunused-function]
 1776 | static void MX_DMA_Init(void)
      |             ^~~~~~~~~~~
../Core/Src/main.c:1730:13: warning: 'MX_USART1_UART_Init' defined but not used [-Wunused-function]
 1730 | static void MX_USART1_UART_Init(void)
      |             ^~~~~~~~~~~~~~~~~~~
../Core/Src/main.c:1692:13: warning: 'MX_TIM7_Init' defined but not used [-Wunused-function]
 1692 | static void MX_TIM7_Init(void)
      |             ^~~~~~~~~~~~
../Core/Src/main.c:1654:13: warning: 'MX_TIM6_Init' defined but not used [-Wunused-function]
 1654 | static void MX_TIM6_Init(void)
      |             ^~~~~~~~~~~~
../Core/Src/main.c:1550:13: warning: 'MX_TIM1_Init' defined but not used [-Wunused-function]
 1550 | static void MX_TIM1_Init(void)
      |             ^~~~~~~~~~~~
../Core/Src/main.c:1510:13: warning: 'MX_SPI3_Init' defined but not used [-Wunused-function]
 1510 | static void MX_SPI3_Init(void)
      |             ^~~~~~~~~~~~
../Core/Src/main.c:1470:13: warning: 'MX_SPI2_Init' defined but not used [-Wunused-function]
 1470 | static void MX_SPI2_Init(void)
      |             ^~~~~~~~~~~~
../Core/Src/main.c:1430:13: warning: 'MX_SPI1_Init' defined but not used [-Wunused-function]
 1430 | static void MX_SPI1_Init(void)
      |             ^~~~~~~~~~~~
../Core/Src/main.c:1401:13: warning: 'MX_IWDG_Init' defined but not used [-Wunused-function]
 1401 | static void MX_IWDG_Init(void)
      |             ^~~~~~~~~~~~
../Core/Src/main.c:1353:13: warning: 'MX_I2C4_Init' defined but not used [-Wunused-function]
 1353 | static void MX_I2C4_Init(void)
      |             ^~~~~~~~~~~~
../Core/Src/main.c:1305:13: warning: 'MX_I2C3_Init' defined but not used [-Wunused-function]
 1305 | static void MX_I2C3_Init(void)
      |             ^~~~~~~~~~~~
../Core/Src/main.c:1262:13: warning: 'MX_FDCAN2_Init' defined but not used [-Wunused-function]
 1262 | static void MX_FDCAN2_Init(void)
      |             ^~~~~~~~~~~~~~
../Core/Src/main.c:1203:13: warning: 'MX_ADC5_Init' defined but not used [-Wunused-function]
 1203 | static void MX_ADC5_Init(void)
      |             ^~~~~~~~~~~~
../Core/Src/main.c:1144:13: warning: 'MX_ADC4_Init' defined but not used [-Wunused-function]
 1144 | static void MX_ADC4_Init(void)
      |             ^~~~~~~~~~~~
../Core/Src/main.c:1076:13: warning: 'MX_ADC3_Init' defined but not used [-Wunused-function]
 1076 | static void MX_ADC3_Init(void)
      |             ^~~~~~~~~~~~
../Core/Src/main.c:1017:13: warning: 'MX_ADC2_Init' defined but not used [-Wunused-function]
 1017 | static void MX_ADC2_Init(void)
      |             ^~~~~~~~~~~~
../Core/Src/main.c:949:13: warning: 'MX_ADC1_Init' defined but not used [-Wunused-function]
  949 | static void MX_ADC1_Init(void)
      |             ^~~~~~~~~~~~
../Core/Src/main.c:902:6: warning: 'SystemClock_Config' defined but not used [-Wunused-function]
  902 | void SystemClock_Config(void)
      |      ^~~~~~~~~~~~~~~~~~
../Core/Src/main.c:774:5: warning: 'main' defined but not used [-Wunused-function]
  774 | int main(void)
      |     ^~~~
../Core/Src/main.c:715:5: warning: '__io_putchar' defined but not used [-Wunused-function]
  715 | int __io_putchar(int ch)
      |     ^~~~~~~~~~~~
make: *** [Core/Src/subdir.mk:37: Core/Src/main.o] Error 1
"make -j12 all" terminated with exit code 2. Build might be incomplete.
18:43:49 **** Incremental Build of configuration Debug for project drv_initial_tests ****
make -j12 all 
arm-none-eabi-gcc "../Core/Src/main.c" -mcpu=cortex-m4 -std=gnu11 -g3 -DDEBUG -DUSE_HAL_DRIVER -DSTM32G474xx -c -I../Core/Inc -I../Drivers/STM32G4xx_HAL_Driver/Inc -I../Drivers/STM32G4xx_HAL_Driver/Inc/Legacy -I../Drivers/CMSIS/Device/ST/STM32G4xx/Include -I../Drivers/CMSIS/Include -O0 -ffunction-sections -fdata-sections -Wall -fstack-usage -fcyclomatic-complexity -MMD -MP -MF"Core/Src/main.d" -MT"Core/Src/main.o" --specs=nano.specs -mfpu=fpv4-sp-d16 -mfloat-abi=hard -mthumb -o "Core/Src/main.o"
../Core/Src/main.c: In function 'HAL_TIM_PeriodElapsedCallback':
../Core/Src/main.c:701:13: warning: implicit declaration of function 'CurrentSense_GetPhaseCurrents' [-Wimplicit-function-declaration]
  701 |             CurrentSense_GetPhaseCurrents(&ia, &ib, &ic);
      |             ^~~~~~~~~~~~~~~~~~~~~~~~~~~~~
../Core/Src/main.c:774:5: warning: 'main' is normally a non-static function [-Wmain]
  774 | int main(void)
      |     ^~~~
../Core/Src/main.c:949:13: error: invalid storage class for function 'MX_ADC1_Init'
  949 | static void MX_ADC1_Init(void)
      |             ^~~~~~~~~~~~
../Core/Src/main.c:1017:13: error: invalid storage class for function 'MX_ADC2_Init'
 1017 | static void MX_ADC2_Init(void)
      |             ^~~~~~~~~~~~
../Core/Src/main.c:1076:13: error: invalid storage class for function 'MX_ADC3_Init'
 1076 | static void MX_ADC3_Init(void)
      |             ^~~~~~~~~~~~
../Core/Src/main.c:1144:13: error: invalid storage class for function 'MX_ADC4_Init'
 1144 | static void MX_ADC4_Init(void)
      |             ^~~~~~~~~~~~
../Core/Src/main.c:1203:13: error: invalid storage class for function 'MX_ADC5_Init'
 1203 | static void MX_ADC5_Init(void)
      |             ^~~~~~~~~~~~
../Core/Src/main.c:1262:13: error: invalid storage class for function 'MX_FDCAN2_Init'
 1262 | static void MX_FDCAN2_Init(void)
      |             ^~~~~~~~~~~~~~
../Core/Src/main.c:1305:13: error: invalid storage class for function 'MX_I2C3_Init'
 1305 | static void MX_I2C3_Init(void)
      |             ^~~~~~~~~~~~
../Core/Src/main.c:1353:13: error: invalid storage class for function 'MX_I2C4_Init'
 1353 | static void MX_I2C4_Init(void)
      |             ^~~~~~~~~~~~
../Core/Src/main.c:1401:13: error: invalid storage class for function 'MX_IWDG_Init'
 1401 | static void MX_IWDG_Init(void)
      |             ^~~~~~~~~~~~
../Core/Src/main.c:1430:13: error: invalid storage class for function 'MX_SPI1_Init'
 1430 | static void MX_SPI1_Init(void)
      |             ^~~~~~~~~~~~
../Core/Src/main.c:1470:13: error: invalid storage class for function 'MX_SPI2_Init'
 1470 | static void MX_SPI2_Init(void)
      |             ^~~~~~~~~~~~
../Core/Src/main.c:1510:13: error: invalid storage class for function 'MX_SPI3_Init'
 1510 | static void MX_SPI3_Init(void)
      |             ^~~~~~~~~~~~
../Core/Src/main.c:1550:13: error: invalid storage class for function 'MX_TIM1_Init'
 1550 | static void MX_TIM1_Init(void)
      |             ^~~~~~~~~~~~
../Core/Src/main.c:1654:13: error: invalid storage class for function 'MX_TIM6_Init'
 1654 | static void MX_TIM6_Init(void)
      |             ^~~~~~~~~~~~
../Core/Src/main.c:1692:13: error: invalid storage class for function 'MX_TIM7_Init'
 1692 | static void MX_TIM7_Init(void)
      |             ^~~~~~~~~~~~
../Core/Src/main.c:1730:13: error: invalid storage class for function 'MX_USART1_UART_Init'
 1730 | static void MX_USART1_UART_Init(void)
      |             ^~~~~~~~~~~~~~~~~~~
../Core/Src/main.c:1776:13: error: invalid storage class for function 'MX_DMA_Init'
 1776 | static void MX_DMA_Init(void)
      |             ^~~~~~~~~~~
../Core/Src/main.c:1801:13: error: invalid storage class for function 'MX_GPIO_Init'
 1801 | static void MX_GPIO_Init(void)
      |             ^~~~~~~~~~~~
../Core/Src/main.c:1910:1: error: expected declaration or statement at end of input
 1910 | }
      | ^
../Core/Src/main.c: At top level:
../Core/Src/main.c:163:13: warning: 'MX_GPIO_Init' used but never defined
  163 | static void MX_GPIO_Init(void);
      |             ^~~~~~~~~~~~
../Core/Src/main.c:164:13: warning: 'MX_DMA_Init' used but never defined
  164 | static void MX_DMA_Init(void);
      |             ^~~~~~~~~~~
../Core/Src/main.c:165:13: warning: 'MX_FDCAN2_Init' used but never defined
  165 | static void MX_FDCAN2_Init(void);
      |             ^~~~~~~~~~~~~~
../Core/Src/main.c:166:13: warning: 'MX_ADC1_Init' used but never defined
  166 | static void MX_ADC1_Init(void);
      |             ^~~~~~~~~~~~
../Core/Src/main.c:167:13: warning: 'MX_ADC2_Init' used but never defined
  167 | static void MX_ADC2_Init(void);
      |             ^~~~~~~~~~~~
../Core/Src/main.c:168:13: warning: 'MX_ADC3_Init' used but never defined
  168 | static void MX_ADC3_Init(void);
      |             ^~~~~~~~~~~~
../Core/Src/main.c:169:13: warning: 'MX_ADC5_Init' used but never defined
  169 | static void MX_ADC5_Init(void);
      |             ^~~~~~~~~~~~
../Core/Src/main.c:170:13: warning: 'MX_SPI1_Init' used but never defined
  170 | static void MX_SPI1_Init(void);
      |             ^~~~~~~~~~~~
../Core/Src/main.c:171:13: warning: 'MX_SPI2_Init' used but never defined
  171 | static void MX_SPI2_Init(void);
      |             ^~~~~~~~~~~~
../Core/Src/main.c:172:13: warning: 'MX_SPI3_Init' used but never defined
  172 | static void MX_SPI3_Init(void);
      |             ^~~~~~~~~~~~
../Core/Src/main.c:173:13: warning: 'MX_TIM1_Init' used but never defined
  173 | static void MX_TIM1_Init(void);
      |             ^~~~~~~~~~~~
../Core/Src/main.c:174:13: warning: 'MX_I2C3_Init' used but never defined
  174 | static void MX_I2C3_Init(void);
      |             ^~~~~~~~~~~~
../Core/Src/main.c:175:13: warning: 'MX_USART1_UART_Init' used but never defined
  175 | static void MX_USART1_UART_Init(void);
      |             ^~~~~~~~~~~~~~~~~~~
../Core/Src/main.c:176:13: warning: 'MX_I2C4_Init' used but never defined
  176 | static void MX_I2C4_Init(void);
      |             ^~~~~~~~~~~~
../Core/Src/main.c:177:13: warning: 'MX_ADC4_Init' used but never defined
  177 | static void MX_ADC4_Init(void);
      |             ^~~~~~~~~~~~
../Core/Src/main.c:178:13: warning: 'MX_TIM6_Init' used but never defined
  178 | static void MX_TIM6_Init(void);
      |             ^~~~~~~~~~~~
../Core/Src/main.c:179:13: warning: 'MX_IWDG_Init' used but never defined
  179 | static void MX_IWDG_Init(void);
      |             ^~~~~~~~~~~~
../Core/Src/main.c:180:13: warning: 'MX_TIM7_Init' used but never defined
  180 | static void MX_TIM7_Init(void);
      |             ^~~~~~~~~~~~
../Core/Src/main.c:1901:6: warning: 'Error_Handler' defined but not used [-Wunused-function]
 1901 | void Error_Handler(void)
      |      ^~~~~~~~~~~~~
../Core/Src/main.c:1801:13: warning: 'MX_GPIO_Init' defined but not used [-Wunused-function]
 1801 | static void MX_GPIO_Init(void)
      |             ^~~~~~~~~~~~
../Core/Src/main.c:1776:13: warning: 'MX_DMA_Init' defined but not used [-Wunused-function]
 1776 | static void MX_DMA_Init(void)
      |             ^~~~~~~~~~~
../Core/Src/main.c:1730:13: warning: 'MX_USART1_UART_Init' defined but not used [-Wunused-function]
 1730 | static void MX_USART1_UART_Init(void)
      |             ^~~~~~~~~~~~~~~~~~~
../Core/Src/main.c:1692:13: warning: 'MX_TIM7_Init' defined but not used [-Wunused-function]
 1692 | static void MX_TIM7_Init(void)
      |             ^~~~~~~~~~~~
../Core/Src/main.c:1654:13: warning: 'MX_TIM6_Init' defined but not used [-Wunused-function]
 1654 | static void MX_TIM6_Init(void)
      |             ^~~~~~~~~~~~
../Core/Src/main.c:1550:13: warning: 'MX_TIM1_Init' defined but not used [-Wunused-function]
 1550 | static void MX_TIM1_Init(void)
      |             ^~~~~~~~~~~~
../Core/Src/main.c:1510:13: warning: 'MX_SPI3_Init' defined but not used [-Wunused-function]
 1510 | static void MX_SPI3_Init(void)
      |             ^~~~~~~~~~~~
../Core/Src/main.c:1470:13: warning: 'MX_SPI2_Init' defined but not used [-Wunused-function]
 1470 | static void MX_SPI2_Init(void)
      |             ^~~~~~~~~~~~
../Core/Src/main.c:1430:13: warning: 'MX_SPI1_Init' defined but not used [-Wunused-function]
 1430 | static void MX_SPI1_Init(void)
      |             ^~~~~~~~~~~~
../Core/Src/main.c:1401:13: warning: 'MX_IWDG_Init' defined but not used [-Wunused-function]
 1401 | static void MX_IWDG_Init(void)
      |             ^~~~~~~~~~~~
../Core/Src/main.c:1353:13: warning: 'MX_I2C4_Init' defined but not used [-Wunused-function]
 1353 | static void MX_I2C4_Init(void)
      |             ^~~~~~~~~~~~
../Core/Src/main.c:1305:13: warning: 'MX_I2C3_Init' defined but not used [-Wunused-function]
 1305 | static void MX_I2C3_Init(void)
      |             ^~~~~~~~~~~~
../Core/Src/main.c:1262:13: warning: 'MX_FDCAN2_Init' defined but not used [-Wunused-function]
 1262 | static void MX_FDCAN2_Init(void)
      |             ^~~~~~~~~~~~~~
../Core/Src/main.c:1203:13: warning: 'MX_ADC5_Init' defined but not used [-Wunused-function]
 1203 | static void MX_ADC5_Init(void)
      |             ^~~~~~~~~~~~
../Core/Src/main.c:1144:13: warning: 'MX_ADC4_Init' defined but not used [-Wunused-function]
 1144 | static void MX_ADC4_Init(void)
      |             ^~~~~~~~~~~~
../Core/Src/main.c:1076:13: warning: 'MX_ADC3_Init' defined but not used [-Wunused-function]
 1076 | static void MX_ADC3_Init(void)
      |             ^~~~~~~~~~~~
../Core/Src/main.c:1017:13: warning: 'MX_ADC2_Init' defined but not used [-Wunused-function]
 1017 | static void MX_ADC2_Init(void)
      |             ^~~~~~~~~~~~
../Core/Src/main.c:949:13: warning: 'MX_ADC1_Init' defined but not used [-Wunused-function]
  949 | static void MX_ADC1_Init(void)
      |             ^~~~~~~~~~~~
../Core/Src/main.c:902:6: warning: 'SystemClock_Config' defined but not used [-Wunused-function]
  902 | void SystemClock_Config(void)
      |      ^~~~~~~~~~~~~~~~~~
../Core/Src/main.c:774:5: warning: 'main' defined but not used [-Wunused-function]
  774 | int main(void)
      |     ^~~~
../Core/Src/main.c:715:5: warning: '__io_putchar' defined but not used [-Wunused-function]
  715 | int __io_putchar(int ch)
      |     ^~~~~~~~~~~~
make: *** [Core/Src/subdir.mk:37: Core/Src/main.o] Error 1
"make -j12 all" terminated with exit code 2. Build might be incomplete.
18:45:22 **** Incremental Build of configuration Debug for project drv_initial_tests ****
make -j12 all 
arm-none-eabi-gcc "../Core/Src/main.c" -mcpu=cortex-m4 -std=gnu11 -g3 -DDEBUG -DUSE_HAL_DRIVER -DSTM32G474xx -c -I../Core/Inc -I../Drivers/STM32G4xx_HAL_Driver/Inc -I../Drivers/STM32G4xx_HAL_Driver/Inc/Legacy -I../Drivers/CMSIS/Device/ST/STM32G4xx/Include -I../Drivers/CMSIS/Include -O0 -ffunction-sections -fdata-sections -Wall -fstack-usage -fcyclomatic-complexity -MMD -MP -MF"Core/Src/main.d" -MT"Core/Src/main.o" --specs=nano.specs -mfpu=fpv4-sp-d16 -mfloat-abi=hard -mthumb -o "Core/Src/main.o"
../Core/Src/main.c: In function 'HAL_TIM_PeriodElapsedCallback':
../Core/Src/main.c:699:13: warning: implicit declaration of function 'CurrentSense_GetPhaseCurrents' [-Wimplicit-function-declaration]
  699 |             CurrentSense_GetPhaseCurrents(&ia, &ib, &ic);
      |             ^~~~~~~~~~~~~~~~~~~~~~~~~~~~~
../Core/Src/main.c: At top level:
../Core/Src/main.c:747:13: warning: conflicting types for 'CurrentSense_GetPhaseCurrents'; have 'void(float *, float *, float *)'
  747 | inline void CurrentSense_GetPhaseCurrents(float *ia, float *ib, float *ic)
      |             ^~~~~~~~~~~~~~~~~~~~~~~~~~~~~
../Core/Src/main.c:699:13: note: previous implicit declaration of 'CurrentSense_GetPhaseCurrents' with type 'void(float *, float *, float *)'
  699 |             CurrentSense_GetPhaseCurrents(&ia, &ib, &ic);
      |             ^~~~~~~~~~~~~~~~~~~~~~~~~~~~~
arm-none-eabi-gcc -o "drv_initial_tests.elf" @"objects.list"   -mcpu=cortex-m4 -T"C:\Users\krzys\Desktop\inzynierka\BLDC_driver\BLDC_FOC_driver\software\drv_initial_tests\drv_initial_tests\STM32G474RETX_FLASH.ld" --specs=nosys.specs -Wl,-Map="drv_initial_tests.map" -Wl,--gc-sections -static --specs=nano.specs -mfpu=fpv4-sp-d16 -mfloat-abi=hard -mthumb -u _printf_float -Wl,--start-group -lc -lm -Wl,--end-group
Finished building target: drv_initial_tests.elf
 
arm-none-eabi-size  drv_initial_tests.elf 
arm-none-eabi-objdump -h -S drv_initial_tests.elf  > "drv_initial_tests.list"
   text	   data	    bss	    dec	    hex	filename
  67792	    492	   4388	  72672	  11be0	drv_initial_tests.elf
Finished building: default.size.stdout
 
Finished building: drv_initial_tests.list
 
18:47:44 **** Incremental Build of configuration Debug for project drv_initial_tests ****
make -j12 all 
arm-none-eabi-gcc "../Core/Src/main.c" -mcpu=cortex-m4 -std=gnu11 -g3 -DDEBUG -DUSE_HAL_DRIVER -DSTM32G474xx -c -I../Core/Inc -I../Drivers/STM32G4xx_HAL_Driver/Inc -I../Drivers/STM32G4xx_HAL_Driver/Inc/Legacy -I../Drivers/CMSIS/Device/ST/STM32G4xx/Include -I../Drivers/CMSIS/Include -O0 -ffunction-sections -fdata-sections -Wall -fstack-usage -fcyclomatic-complexity -MMD -MP -MF"Core/Src/main.d" -MT"Core/Src/main.o" --specs=nano.specs -mfpu=fpv4-sp-d16 -mfloat-abi=hard -mthumb -o "Core/Src/main.o"
arm-none-eabi-gcc -o "drv_initial_tests.elf" @"objects.list"   -mcpu=cortex-m4 -T"C:\Users\krzys\Desktop\inzynierka\BLDC_driver\BLDC_FOC_driver\software\drv_initial_tests\drv_initial_tests\STM32G474RETX_FLASH.ld" --specs=nosys.specs -Wl,-Map="drv_initial_tests.map" -Wl,--gc-sections -static --specs=nano.specs -mfpu=fpv4-sp-d16 -mfloat-abi=hard -mthumb -u _printf_float -Wl,--start-group -lc -lm -Wl,--end-group
C:/ST/STM32CubeIDE_1.16.1/STM32CubeIDE/plugins/com.st.stm32cube.ide.mcu.externaltools.gnu-tools-for-stm32.13.3.rel1.win32_1.0.0.202411081344/tools/bin/../lib/gcc/arm-none-eabi/13.3.1/../../../../arm-none-eabi/bin/ld.exe: ./Core/Src/main.o: in function `HAL_TIM_PeriodElapsedCallback':
C:/Users/krzys/Desktop/inzynierka/BLDC_driver/BLDC_FOC_driver/software/drv_initial_tests/drv_initial_tests/Debug/../Core/Src/main.c:746:(.text.HAL_TIM_PeriodElapsedCallback+0x212): undefined reference to `CurrentSense_GetPhaseCurrents'
collect2.exe: error: ld returned 1 exit status
make: *** [makefile:64: drv_initial_tests.elf] Error 1
"make -j12 all" terminated with exit code 2. Build might be incomplete.
18:48:18 **** Incremental Build of configuration Debug for project drv_initial_tests ****
make -j12 all 
arm-none-eabi-gcc -o "drv_initial_tests.elf" @"objects.list"   -mcpu=cortex-m4 -T"C:\Users\krzys\Desktop\inzynierka\BLDC_driver\BLDC_FOC_driver\software\drv_initial_tests\drv_initial_tests\STM32G474RETX_FLASH.ld" --specs=nosys.specs -Wl,-Map="drv_initial_tests.map" -Wl,--gc-sections -static --specs=nano.specs -mfpu=fpv4-sp-d16 -mfloat-abi=hard -mthumb -u _printf_float -Wl,--start-group -lc -lm -Wl,--end-group
C:/ST/STM32CubeIDE_1.16.1/STM32CubeIDE/plugins/com.st.stm32cube.ide.mcu.externaltools.gnu-tools-for-stm32.13.3.rel1.win32_1.0.0.202411081344/tools/bin/../lib/gcc/arm-none-eabi/13.3.1/../../../../arm-none-eabi/bin/ld.exe: ./Core/Src/main.o: in function `HAL_TIM_PeriodElapsedCallback':
C:/Users/krzys/Desktop/inzynierka/BLDC_driver/BLDC_FOC_driver/software/drv_initial_tests/drv_initial_tests/Debug/../Core/Src/main.c:746:(.text.HAL_TIM_PeriodElapsedCallback+0x212): undefined reference to `CurrentSense_GetPhaseCurrents'
collect2.exe: error: ld returned 1 exit status
make: *** [makefile:64: drv_initial_tests.elf] Error 1
"make -j12 all" terminated with exit code 2. Build might be incomplete.
18:48:31 **** Incremental Build of configuration Debug for project drv_initial_tests ****
make -j12 all 
arm-none-eabi-gcc "../Core/Src/main.c" -mcpu=cortex-m4 -std=gnu11 -g3 -DDEBUG -DUSE_HAL_DRIVER -DSTM32G474xx -c -I../Core/Inc -I../Drivers/STM32G4xx_HAL_Driver/Inc -I../Drivers/STM32G4xx_HAL_Driver/Inc/Legacy -I../Drivers/CMSIS/Device/ST/STM32G4xx/Include -I../Drivers/CMSIS/Include -O0 -ffunction-sections -fdata-sections -Wall -fstack-usage -fcyclomatic-complexity -MMD -MP -MF"Core/Src/main.d" -MT"Core/Src/main.o" --specs=nano.specs -mfpu=fpv4-sp-d16 -mfloat-abi=hard -mthumb -o "Core/Src/main.o"
arm-none-eabi-gcc -o "drv_initial_tests.elf" @"objects.list"   -mcpu=cortex-m4 -T"C:\Users\krzys\Desktop\inzynierka\BLDC_driver\BLDC_FOC_driver\software\drv_initial_tests\drv_initial_tests\STM32G474RETX_FLASH.ld" --specs=nosys.specs -Wl,-Map="drv_initial_tests.map" -Wl,--gc-sections -static --specs=nano.specs -mfpu=fpv4-sp-d16 -mfloat-abi=hard -mthumb -u _printf_float -Wl,--start-group -lc -lm -Wl,--end-group
Finished building target: drv_initial_tests.elf
 
arm-none-eabi-size  drv_initial_tests.elf 
arm-none-eabi-objdump -h -S drv_initial_tests.elf  > "drv_initial_tests.list"
   text	   data	    bss	    dec	    hex	filename
  67792	    492	   4388	  72672	  11be0	drv_initial_tests.elf
Finished building: default.size.stdout
 
Finished building: drv_initial_tests.list
 
18:48:40 **** Incremental Build of configuration Debug for project drv_initial_tests ****
make -j12 all 
arm-none-eabi-size  drv_initial_tests.elf 
   text	   data	    bss	    dec	    hex	filename
  67792	    492	   4388	  72672	  11be0	drv_initial_tests.elf
Finished building: default.size.stdout
 
18:51:16 **** Incremental Build of configuration Debug for project drv_initial_tests ****
make -j12 all 
arm-none-eabi-gcc "../Core/Src/main.c" -mcpu=cortex-m4 -std=gnu11 -g3 -DDEBUG -DUSE_HAL_DRIVER -DSTM32G474xx -c -I../Core/Inc -I../Drivers/STM32G4xx_HAL_Driver/Inc -I../Drivers/STM32G4xx_HAL_Driver/Inc/Legacy -I../Drivers/CMSIS/Device/ST/STM32G4xx/Include -I../Drivers/CMSIS/Include -O0 -ffunction-sections -fdata-sections -Wall -fstack-usage -fcyclomatic-complexity -MMD -MP -MF"Core/Src/main.d" -MT"Core/Src/main.o" --specs=nano.specs -mfpu=fpv4-sp-d16 -mfloat-abi=hard -mthumb -o "Core/Src/main.o"
arm-none-eabi-gcc -o "drv_initial_tests.elf" @"objects.list"   -mcpu=cortex-m4 -T"C:\Users\krzys\Desktop\inzynierka\BLDC_driver\BLDC_FOC_driver\software\drv_initial_tests\drv_initial_tests\STM32G474RETX_FLASH.ld" --specs=nosys.specs -Wl,-Map="drv_initial_tests.map" -Wl,--gc-sections -static --specs=nano.specs -mfpu=fpv4-sp-d16 -mfloat-abi=hard -mthumb -u _printf_float -Wl,--start-group -lc -lm -Wl,--end-group
Finished building target: drv_initial_tests.elf
 
arm-none-eabi-size  drv_initial_tests.elf 
arm-none-eabi-objdump -h -S drv_initial_tests.elf  > "drv_initial_tests.list"
   text	   data	    bss	    dec	    hex	filename
  67688	    492	   4388	  72568	  11b78	drv_initial_tests.elf
Finished building: default.size.stdout
 
Finished building: drv_initial_tests.list
 
18:52:39 **** Incremental Build of configuration Debug for project drv_initial_tests ****
make -j12 all 
arm-none-eabi-gcc "../Core/Src/main.c" -mcpu=cortex-m4 -std=gnu11 -g3 -DDEBUG -DUSE_HAL_DRIVER -DSTM32G474xx -c -I../Core/Inc -I../Drivers/STM32G4xx_HAL_Driver/Inc -I../Drivers/STM32G4xx_HAL_Driver/Inc/Legacy -I../Drivers/CMSIS/Device/ST/STM32G4xx/Include -I../Drivers/CMSIS/Include -O0 -ffunction-sections -fdata-sections -Wall -fstack-usage -fcyclomatic-complexity -MMD -MP -MF"Core/Src/main.d" -MT"Core/Src/main.o" --specs=nano.specs -mfpu=fpv4-sp-d16 -mfloat-abi=hard -mthumb -o "Core/Src/main.o"
../Core/Src/main.c:746:5: error: expected identifier or '(' before 'if'
  746 |     if (htim == &htim7) {
      |     ^~
../Core/Src/main.c:754:1: error: expected identifier or '(' before '}' token
  754 | }
      | ^
../Core/Src/main.c:146:16: warning: 'pos_loop_divider' defined but not used [-Wunused-variable]
  146 | static uint8_t pos_loop_divider = 0;
      |                ^~~~~~~~~~~~~~~~
make: *** [Core/Src/subdir.mk:37: Core/Src/main.o] Error 1
"make -j12 all" terminated with exit code 2. Build might be incomplete.
18:52:43 **** Incremental Build of configuration Debug for project drv_initial_tests ****
make -j12 all 
arm-none-eabi-gcc "../Core/Src/main.c" -mcpu=cortex-m4 -std=gnu11 -g3 -DDEBUG -DUSE_HAL_DRIVER -DSTM32G474xx -c -I../Core/Inc -I../Drivers/STM32G4xx_HAL_Driver/Inc -I../Drivers/STM32G4xx_HAL_Driver/Inc/Legacy -I../Drivers/CMSIS/Device/ST/STM32G4xx/Include -I../Drivers/CMSIS/Include -O0 -ffunction-sections -fdata-sections -Wall -fstack-usage -fcyclomatic-complexity -MMD -MP -MF"Core/Src/main.d" -MT"Core/Src/main.o" --specs=nano.specs -mfpu=fpv4-sp-d16 -mfloat-abi=hard -mthumb -o "Core/Src/main.o"
arm-none-eabi-gcc -o "drv_initial_tests.elf" @"objects.list"   -mcpu=cortex-m4 -T"C:\Users\krzys\Desktop\inzynierka\BLDC_driver\BLDC_FOC_driver\software\drv_initial_tests\drv_initial_tests\STM32G474RETX_FLASH.ld" --specs=nosys.specs -Wl,-Map="drv_initial_tests.map" -Wl,--gc-sections -static --specs=nano.specs -mfpu=fpv4-sp-d16 -mfloat-abi=hard -mthumb -u _printf_float -Wl,--start-group -lc -lm -Wl,--end-group
Finished building target: drv_initial_tests.elf
 
arm-none-eabi-size  drv_initial_tests.elf 
arm-none-eabi-objdump -h -S drv_initial_tests.elf  > "drv_initial_tests.list"
   text	   data	    bss	    dec	    hex	filename
  67456	    492	   4388	  72336	  11a90	drv_initial_tests.elf
Finished building: default.size.stdout
 
Finished building: drv_initial_tests.list
 
18:55:29 **** Incremental Build of configuration Debug for project drv_initial_tests ****
make -j12 all 
arm-none-eabi-gcc "../Core/Src/main.c" -mcpu=cortex-m4 -std=gnu11 -g3 -DDEBUG -DUSE_HAL_DRIVER -DSTM32G474xx -c -I../Core/Inc -I../Drivers/STM32G4xx_HAL_Driver/Inc -I../Drivers/STM32G4xx_HAL_Driver/Inc/Legacy -I../Drivers/CMSIS/Device/ST/STM32G4xx/Include -I../Drivers/CMSIS/Include -O0 -ffunction-sections -fdata-sections -Wall -fstack-usage -fcyclomatic-complexity -MMD -MP -MF"Core/Src/main.d" -MT"Core/Src/main.o" --specs=nano.specs -mfpu=fpv4-sp-d16 -mfloat-abi=hard -mthumb -o "Core/Src/main.o"
arm-none-eabi-gcc -o "drv_initial_tests.elf" @"objects.list"   -mcpu=cortex-m4 -T"C:\Users\krzys\Desktop\inzynierka\BLDC_driver\BLDC_FOC_driver\software\drv_initial_tests\drv_initial_tests\STM32G474RETX_FLASH.ld" --specs=nosys.specs -Wl,-Map="drv_initial_tests.map" -Wl,--gc-sections -static --specs=nano.specs -mfpu=fpv4-sp-d16 -mfloat-abi=hard -mthumb -u _printf_float -Wl,--start-group -lc -lm -Wl,--end-group
Finished building target: drv_initial_tests.elf
 
arm-none-eabi-size  drv_initial_tests.elf 
arm-none-eabi-objdump -h -S drv_initial_tests.elf  > "drv_initial_tests.list"
   text	   data	    bss	    dec	    hex	filename
  67760	    492	   4388	  72640	  11bc0	drv_initial_tests.elf
Finished building: default.size.stdout
 
Finished building: drv_initial_tests.list
 
18:56:13 **** Incremental Build of configuration Debug for project drv_initial_tests ****
make -j12 all 
arm-none-eabi-gcc "../Core/Src/main.c" -mcpu=cortex-m4 -std=gnu11 -g3 -DDEBUG -DUSE_HAL_DRIVER -DSTM32G474xx -c -I../Core/Inc -I../Drivers/STM32G4xx_HAL_Driver/Inc -I../Drivers/STM32G4xx_HAL_Driver/Inc/Legacy -I../Drivers/CMSIS/Device/ST/STM32G4xx/Include -I../Drivers/CMSIS/Include -O0 -ffunction-sections -fdata-sections -Wall -fstack-usage -fcyclomatic-complexity -MMD -MP -MF"Core/Src/main.d" -MT"Core/Src/main.o" --specs=nano.specs -mfpu=fpv4-sp-d16 -mfloat-abi=hard -mthumb -o "Core/Src/main.o"
arm-none-eabi-gcc -o "drv_initial_tests.elf" @"objects.list"   -mcpu=cortex-m4 -T"C:\Users\krzys\Desktop\inzynierka\BLDC_driver\BLDC_FOC_driver\software\drv_initial_tests\drv_initial_tests\STM32G474RETX_FLASH.ld" --specs=nosys.specs -Wl,-Map="drv_initial_tests.map" -Wl,--gc-sections -static --specs=nano.specs -mfpu=fpv4-sp-d16 -mfloat-abi=hard -mthumb -u _printf_float -Wl,--start-group -lc -lm -Wl,--end-group
Finished building target: drv_initial_tests.elf
 
arm-none-eabi-size  drv_initial_tests.elf 
arm-none-eabi-objdump -h -S drv_initial_tests.elf  > "drv_initial_tests.list"
   text	   data	    bss	    dec	    hex	filename
  67792	    492	   4388	  72672	  11be0	drv_initial_tests.elf
Finished building: default.size.stdout
 
Finished building: drv_initial_tests.list
 
18:56:16 **** Incremental Build of configuration Debug for project drv_initial_tests ****
make -j12 all 
arm-none-eabi-size  drv_initial_tests.elf 
   text	   data	    bss	    dec	    hex	filename
  67792	    492	   4388	  72672	  11be0	drv_initial_tests.elf
Finished building: default.size.stdout
 
19:07:37 **** Incremental Build of configuration Debug for project drv_initial_tests ****
make -j12 all 
arm-none-eabi-gcc "../Core/Src/main.c" -mcpu=cortex-m4 -std=gnu11 -g3 -DDEBUG -DUSE_HAL_DRIVER -DSTM32G474xx -c -I../Core/Inc -I../Drivers/STM32G4xx_HAL_Driver/Inc -I../Drivers/STM32G4xx_HAL_Driver/Inc/Legacy -I../Drivers/CMSIS/Device/ST/STM32G4xx/Include -I../Drivers/CMSIS/Include -O0 -ffunction-sections -fdata-sections -Wall -fstack-usage -fcyclomatic-complexity -MMD -MP -MF"Core/Src/main.d" -MT"Core/Src/main.o" --specs=nano.specs -mfpu=fpv4-sp-d16 -mfloat-abi=hard -mthumb -o "Core/Src/main.o"
arm-none-eabi-gcc -o "drv_initial_tests.elf" @"objects.list"   -mcpu=cortex-m4 -T"C:\Users\krzys\Desktop\inzynierka\BLDC_driver\BLDC_FOC_driver\software\drv_initial_tests\drv_initial_tests\STM32G474RETX_FLASH.ld" --specs=nosys.specs -Wl,-Map="drv_initial_tests.map" -Wl,--gc-sections -static --specs=nano.specs -mfpu=fpv4-sp-d16 -mfloat-abi=hard -mthumb -u _printf_float -Wl,--start-group -lc -lm -Wl,--end-group
Finished building target: drv_initial_tests.elf
 
arm-none-eabi-size  drv_initial_tests.elf 
arm-none-eabi-objdump -h -S drv_initial_tests.elf  > "drv_initial_tests.list"
   text	   data	    bss	    dec	    hex	filename
  67792	    492	   4388	  72672	  11be0	drv_initial_tests.elf
Finished building: default.size.stdout
 
Finished building: drv_initial_tests.list
 
20:20:24 **** Incremental Build of configuration Debug for project drv_initial_tests ****
make -j12 all 
arm-none-eabi-gcc "../Core/Src/main.c" -mcpu=cortex-m4 -std=gnu11 -g3 -DDEBUG -DUSE_HAL_DRIVER -DSTM32G474xx -c -I../Core/Inc -I../Drivers/STM32G4xx_HAL_Driver/Inc -I../Drivers/STM32G4xx_HAL_Driver/Inc/Legacy -I../Drivers/CMSIS/Device/ST/STM32G4xx/Include -I../Drivers/CMSIS/Include -O0 -ffunction-sections -fdata-sections -Wall -fstack-usage -fcyclomatic-complexity -MMD -MP -MF"Core/Src/main.d" -MT"Core/Src/main.o" --specs=nano.specs -mfpu=fpv4-sp-d16 -mfloat-abi=hard -mthumb -o "Core/Src/main.o"
arm-none-eabi-gcc -o "drv_initial_tests.elf" @"objects.list"   -mcpu=cortex-m4 -T"C:\Users\krzys\Desktop\inzynierka\BLDC_driver\BLDC_FOC_driver\software\drv_initial_tests\drv_initial_tests\STM32G474RETX_FLASH.ld" --specs=nosys.specs -Wl,-Map="drv_initial_tests.map" -Wl,--gc-sections -static --specs=nano.specs -mfpu=fpv4-sp-d16 -mfloat-abi=hard -mthumb -u _printf_float -Wl,--start-group -lc -lm -Wl,--end-group
Finished building target: drv_initial_tests.elf
 
arm-none-eabi-size  drv_initial_tests.elf 
arm-none-eabi-objdump -h -S drv_initial_tests.elf  > "drv_initial_tests.list"
   text	   data	    bss	    dec	    hex	filename
  67456	    492	   4388	  72336	  11a90	drv_initial_tests.elf
Finished building: default.size.stdout
 
Finished building: drv_initial_tests.list
 
20:30:01 **** Incremental Build of configuration Debug for project drv_initial_tests ****
make -j12 all 
arm-none-eabi-gcc "../Core/Src/main.c" -mcpu=cortex-m4 -std=gnu11 -g3 -DDEBUG -DUSE_HAL_DRIVER -DSTM32G474xx -c -I../Core/Inc -I../Drivers/STM32G4xx_HAL_Driver/Inc -I../Drivers/STM32G4xx_HAL_Driver/Inc/Legacy -I../Drivers/CMSIS/Device/ST/STM32G4xx/Include -I../Drivers/CMSIS/Include -O0 -ffunction-sections -fdata-sections -Wall -fstack-usage -fcyclomatic-complexity -MMD -MP -MF"Core/Src/main.d" -MT"Core/Src/main.o" --specs=nano.specs -mfpu=fpv4-sp-d16 -mfloat-abi=hard -mthumb -o "Core/Src/main.o"
../Core/Src/main.c: In function 'HAL_TIM_PeriodElapsedCallback':
../Core/Src/main.c:743:40: error: 'ia' undeclared (first use in this function)
  743 |         CurrentSense_GetPhaseCurrents(&ia, &ib, &ic);
[...]
arm-none-eabi-gcc "../Core/Src/stm32g4xx_hal_msp.c" -mcpu=cortex-m4 -std=gnu11 -g3 -DDEBUG -DUSE_HAL_DRIVER -DSTM32G474xx -c -I../Core/Inc -I../Drivers/STM32G4xx_HAL_Driver/Inc -I../Drivers/STM32G4xx_HAL_Driver/Inc/Legacy -I../Drivers/CMSIS/Device/ST/STM32G4xx/Include -I../Drivers/CMSIS/Include -O0 -ffunction-sections -fdata-sections -Wall -fstack-usage -fcyclomatic-complexity -MMD -MP -MF"Core/Src/stm32g4xx_hal_msp.d" -MT"Core/Src/stm32g4xx_hal_msp.o" --specs=nano.specs -mfpu=fpv4-sp-d16 -mfloat-abi=hard -mthumb -o "Core/Src/stm32g4xx_hal_msp.o"
arm-none-eabi-gcc "../Core/Src/stm32g4xx_it.c" -mcpu=cortex-m4 -std=gnu11 -g3 -DDEBUG -DUSE_HAL_DRIVER -DSTM32G474xx -c -I../Core/Inc -I../Drivers/STM32G4xx_HAL_Driver/Inc -I../Drivers/STM32G4xx_HAL_Driver/Inc/Legacy -I../Drivers/CMSIS/Device/ST/STM32G4xx/Include -I../Drivers/CMSIS/Include -O0 -ffunction-sections -fdata-sections -Wall -fstack-usage -fcyclomatic-complexity -MMD -MP -MF"Core/Src/stm32g4xx_it.d" -MT"Core/Src/stm32g4xx_it.o" --specs=nano.specs -mfpu=fpv4-sp-d16 -mfloat-abi=hard -mthumb -o "Core/Src/stm32g4xx_it.o"
arm-none-eabi-gcc -o "drv_initial_tests.elf" @"objects.list"   -mcpu=cortex-m4 -T"C:\Users\krzys\Desktop\inzynierka\BLDC_driver\BLDC_FOC_driver\software\drv_initial_tests\drv_initial_tests\STM32G474RETX_FLASH.ld" --specs=nosys.specs -Wl,-Map="drv_initial_tests.map" -Wl,--gc-sections -static --specs=nano.specs -mfpu=fpv4-sp-d16 -mfloat-abi=hard -mthumb -u _printf_float -Wl,--start-group -lc -lm -Wl,--end-group
Finished building target: drv_initial_tests.elf
 
arm-none-eabi-size  drv_initial_tests.elf 
arm-none-eabi-objdump -h -S drv_initial_tests.elf  > "drv_initial_tests.list"
   text	   data	    bss	    dec	    hex	filename
  67688	    492	   4404	  72584	  11b88	drv_initial_tests.elf
Finished building: default.size.stdout
 
Finished building: drv_initial_tests.list
 
21:25:28 **** Incremental Build of configuration Debug for project drv_initial_tests ****
make -j12 all 
arm-none-eabi-gcc "../Core/Src/main.c" -mcpu=cortex-m4 -std=gnu11 -g3 -DDEBUG -DUSE_HAL_DRIVER -DSTM32G474xx -c -I../Core/Inc -I../Drivers/STM32G4xx_HAL_Driver/Inc -I../Drivers/STM32G4xx_HAL_Driver/Inc/Legacy -I../Drivers/CMSIS/Device/ST/STM32G4xx/Include -I../Drivers/CMSIS/Include -O0 -ffunction-sections -fdata-sections -Wall -fstack-usage -fcyclomatic-complexity -MMD -MP -MF"Core/Src/main.d" -MT"Core/Src/main.o" --specs=nano.specs -mfpu=fpv4-sp-d16 -mfloat-abi=hard -mthumb -o "Core/Src/main.o"
arm-none-eabi-gcc -o "drv_initial_tests.elf" @"objects.list"   -mcpu=cortex-m4 -T"C:\Users\krzys\Desktop\inzynierka\BLDC_driver\BLDC_FOC_driver\software\drv_initial_tests\drv_initial_tests\STM32G474RETX_FLASH.ld" --specs=nosys.specs -Wl,-Map="drv_initial_tests.map" -Wl,--gc-sections -static --specs=nano.specs -mfpu=fpv4-sp-d16 -mfloat-abi=hard -mthumb -u _printf_float -Wl,--start-group -lc -lm -Wl,--end-group
Finished building target: drv_initial_tests.elf
 
arm-none-eabi-size  drv_initial_tests.elf 
arm-none-eabi-objdump -h -S drv_initial_tests.elf  > "drv_initial_tests.list"
   text	   data	    bss	    dec	    hex	filename
  67688	    492	   4404	  72584	  11b88	drv_initial_tests.elf
Finished building: default.size.stdout
 
Finished building: drv_initial_tests.list
 
21:26:11 **** Incremental Build of configuration Debug for project drv_initial_tests ****
make -j12 all 
arm-none-eabi-size  drv_initial_tests.elf 
   text	   data	    bss	    dec	    hex	filename
  67688	    492	   4404	  72584	  11b88	drv_initial_tests.elf
Finished building: default.size.stdout
 
21:47:30 **** Incremental Build of configuration Debug for project drv_initial_tests ****
make -j12 all 
arm-none-eabi-gcc "../Core/Src/main.c" -mcpu=cortex-m4 -std=gnu11 -g3 -DDEBUG -DUSE_HAL_DRIVER -DSTM32G474xx -c -I../Core/Inc -I../Drivers/STM32G4xx_HAL_Driver/Inc -I../Drivers/STM32G4xx_HAL_Driver/Inc/Legacy -I../Drivers/CMSIS/Device/ST/STM32G4xx/Include -I../Drivers/CMSIS/Include -O0 -ffunction-sections -fdata-sections -Wall -fstack-usage -fcyclomatic-complexity -MMD -MP -MF"Core/Src/main.d" -MT"Core/Src/main.o" --specs=nano.specs -mfpu=fpv4-sp-d16 -mfloat-abi=hard -mthumb -o "Core/Src/main.o"
arm-none-eabi-gcc -o "drv_initial_tests.elf" @"objects.list"   -mcpu=cortex-m4 -T"C:\Users\krzys\Desktop\inzynierka\BLDC_driver\BLDC_FOC_driver\software\drv_initial_tests\drv_initial_tests\STM32G474RETX_FLASH.ld" --specs=nosys.specs -Wl,-Map="drv_initial_tests.map" -Wl,--gc-sections -static --specs=nano.specs -mfpu=fpv4-sp-d16 -mfloat-abi=hard -mthumb -u _printf_float -Wl,--start-group -lc -lm -Wl,--end-group
Finished building target: drv_initial_tests.elf
 
arm-none-eabi-size  drv_initial_tests.elf 
arm-none-eabi-objdump -h -S drv_initial_tests.elf  > "drv_initial_tests.list"
   text	   data	    bss	    dec	    hex	filename
  67688	    492	   4404	  72584	  11b88	drv_initial_tests.elf
Finished building: default.size.stdout
 
Finished building: drv_initial_tests.list
 
21:47:33 **** Incremental Build of configuration Debug for project drv_initial_tests ****
make -j12 all 
arm-none-eabi-size  drv_initial_tests.elf 
   text	   data	    bss	    dec	    hex	filename
  67688	    492	   4404	  72584	  11b88	drv_initial_tests.elf
Finished building: default.size.stdout
 
21:47:46 **** Incremental Build of configuration Debug for project drv_initial_tests ****
make -j12 all 
arm-none-eabi-size  drv_initial_tests.elf 
   text	   data	    bss	    dec	    hex	filename
  67688	    492	   4404	  72584	  11b88	drv_initial_tests.elf
Finished building: default.size.stdout
 
21:48:19 **** Incremental Build of configuration Debug for project drv_initial_tests ****
make -j12 all 
arm-none-eabi-size  drv_initial_tests.elf 
   text	   data	    bss	    dec	    hex	filename
  67688	    492	   4404	  72584	  11b88	drv_initial_tests.elf
Finished building: default.size.stdout
 
22:06:40 **** Incremental Build of configuration Debug for project drv_initial_tests ****
make -j12 all 
arm-none-eabi-size  drv_initial_tests.elf 
   text	   data	    bss	    dec	    hex	filename
  67688	    492	   4404	  72584	  11b88	drv_initial_tests.elf
Finished building: default.size.stdout
 
22:08:43 **** Incremental Build of configuration Debug for project drv_initial_tests ****
make -j12 all 
arm-none-eabi-gcc "../Core/Src/main.c" -mcpu=cortex-m4 -std=gnu11 -g3 -DDEBUG -DUSE_HAL_DRIVER -DSTM32G474xx -c -I../Core/Inc -I../Drivers/STM32G4xx_HAL_Driver/Inc -I../Drivers/STM32G4xx_HAL_Driver/Inc/Legacy -I../Drivers/CMSIS/Device/ST/STM32G4xx/Include -I../Drivers/CMSIS/Include -O0 -ffunction-sections -fdata-sections -Wall -fstack-usage -fcyclomatic-complexity -MMD -MP -MF"Core/Src/main.d" -MT"Core/Src/main.o" --specs=nano.specs -mfpu=fpv4-sp-d16 -mfloat-abi=hard -mthumb -o "Core/Src/main.o"
arm-none-eabi-gcc -o "drv_initial_tests.elf" @"objects.list"   -mcpu=cortex-m4 -T"C:\Users\krzys\Desktop\inzynierka\BLDC_driver\BLDC_FOC_driver\software\drv_initial_tests\drv_initial_tests\STM32G474RETX_FLASH.ld" --specs=nosys.specs -Wl,-Map="drv_initial_tests.map" -Wl,--gc-sections -static --specs=nano.specs -mfpu=fpv4-sp-d16 -mfloat-abi=hard -mthumb -u _printf_float -Wl,--start-group -lc -lm -Wl,--end-group
Finished building target: drv_initial_tests.elf
 
arm-none-eabi-size  drv_initial_tests.elf 
arm-none-eabi-objdump -h -S drv_initial_tests.elf  > "drv_initial_tests.list"
   text	   data	    bss	    dec	    hex	filename
  67704	    492	   4404	  72600	  11b98	drv_initial_tests.elf
Finished building: default.size.stdout
 
Finished building: drv_initial_tests.list
 
22:08:47 **** Incremental Build of configuration Debug for project drv_initial_tests ****
make -j12 all 
arm-none-eabi-size  drv_initial_tests.elf 
   text	   data	    bss	    dec	    hex	filename
  67704	    492	   4404	  72600	  11b98	drv_initial_tests.elf
Finished building: default.size.stdout
 
22:10:51 **** Incremental Build of configuration Debug for project drv_initial_tests ****
make -j12 all 
arm-none-eabi-size  drv_initial_tests.elf 
   text	   data	    bss	    dec	    hex	filename
  67704	    492	   4404	  72600	  11b98	drv_initial_tests.elf
Finished building: default.size.stdout
 
22:14:41 **** Incremental Build of configuration Debug for project drv_initial_tests ****
make -j12 all 
arm-none-eabi-gcc "../Core/Src/main.c" -mcpu=cortex-m4 -std=gnu11 -g3 -DDEBUG -DUSE_HAL_DRIVER -DSTM32G474xx -c -I../Core/Inc -I../Drivers/STM32G4xx_HAL_Driver/Inc -I../Drivers/STM32G4xx_HAL_Driver/Inc/Legacy -I../Drivers/CMSIS/Device/ST/STM32G4xx/Include -I../Drivers/CMSIS/Include -O0 -ffunction-sections -fdata-sections -Wall -fstack-usage -fcyclomatic-complexity -MMD -MP -MF"Core/Src/main.d" -MT"Core/Src/main.o" --specs=nano.specs -mfpu=fpv4-sp-d16 -mfloat-abi=hard -mthumb -o "Core/Src/main.o"
arm-none-eabi-gcc -o "drv_initial_tests.elf" @"objects.list"   -mcpu=cortex-m4 -T"C:\Users\krzys\Desktop\inzynierka\BLDC_driver\BLDC_FOC_driver\software\drv_initial_tests\drv_initial_tests\STM32G474RETX_FLASH.ld" --specs=nosys.specs -Wl,-Map="drv_initial_tests.map" -Wl,--gc-sections -static --specs=nano.specs -mfpu=fpv4-sp-d16 -mfloat-abi=hard -mthumb -u _printf_float -Wl,--start-group -lc -lm -Wl,--end-group
Finished building target: drv_initial_tests.elf
 
arm-none-eabi-size  drv_initial_tests.elf 
arm-none-eabi-objdump -h -S drv_initial_tests.elf  > "drv_initial_tests.list"
   text	   data	    bss	    dec	    hex	filename
  67688	    492	   4404	  72584	  11b88	drv_initial_tests.elf
Finished building: default.size.stdout
 
Finished building: drv_initial_tests.list
 
22:16:24 **** Incremental Build of configuration Debug for project drv_initial_tests ****
make -j12 all 
arm-none-eabi-gcc "../Core/Src/main.c" -mcpu=cortex-m4 -std=gnu11 -g3 -DDEBUG -DUSE_HAL_DRIVER -DSTM32G474xx -c -I../Core/Inc -I../Drivers/STM32G4xx_HAL_Driver/Inc -I../Drivers/STM32G4xx_HAL_Driver/Inc/Legacy -I../Drivers/CMSIS/Device/ST/STM32G4xx/Include -I../Drivers/CMSIS/Include -O0 -ffunction-sections -fdata-sections -Wall -fstack-usage -fcyclomatic-complexity -MMD -MP -MF"Core/Src/main.d" -MT"Core/Src/main.o" --specs=nano.specs -mfpu=fpv4-sp-d16 -mfloat-abi=hard -mthumb -o "Core/Src/main.o"
arm-none-eabi-gcc -o "drv_initial_tests.elf" @"objects.list"   -mcpu=cortex-m4 -T"C:\Users\krzys\Desktop\inzynierka\BLDC_driver\BLDC_FOC_driver\software\drv_initial_tests\drv_initial_tests\STM32G474RETX_FLASH.ld" --specs=nosys.specs -Wl,-Map="drv_initial_tests.map" -Wl,--gc-sections -static --specs=nano.specs -mfpu=fpv4-sp-d16 -mfloat-abi=hard -mthumb -u _printf_float -Wl,--start-group -lc -lm -Wl,--end-group
Finished building target: drv_initial_tests.elf
 
arm-none-eabi-size  drv_initial_tests.elf 
arm-none-eabi-objdump -h -S drv_initial_tests.elf  > "drv_initial_tests.list"
   text	   data	    bss	    dec	    hex	filename
  67688	    492	   4404	  72584	  11b88	drv_initial_tests.elf
Finished building: default.size.stdout
 
Finished building: drv_initial_tests.list
 
22:18:11 **** Incremental Build of configuration Debug for project drv_initial_tests ****
make -j12 all 
arm-none-eabi-gcc "../Core/Src/main.c" -mcpu=cortex-m4 -std=gnu11 -g3 -DDEBUG -DUSE_HAL_DRIVER -DSTM32G474xx -c -I../Core/Inc -I../Drivers/STM32G4xx_HAL_Driver/Inc -I../Drivers/STM32G4xx_HAL_Driver/Inc/Legacy -I../Drivers/CMSIS/Device/ST/STM32G4xx/Include -I../Drivers/CMSIS/Include -O0 -ffunction-sections -fdata-sections -Wall -fstack-usage -fcyclomatic-complexity -MMD -MP -MF"Core/Src/main.d" -MT"Core/Src/main.o" --specs=nano.specs -mfpu=fpv4-sp-d16 -mfloat-abi=hard -mthumb -o "Core/Src/main.o"
arm-none-eabi-gcc -o "drv_initial_tests.elf" @"objects.list"   -mcpu=cortex-m4 -T"C:\Users\krzys\Desktop\inzynierka\BLDC_driver\BLDC_FOC_driver\software\drv_initial_tests\drv_initial_tests\STM32G474RETX_FLASH.ld" --specs=nosys.specs -Wl,-Map="drv_initial_tests.map" -Wl,--gc-sections -static --specs=nano.specs -mfpu=fpv4-sp-d16 -mfloat-abi=hard -mthumb -u _printf_float -Wl,--start-group -lc -lm -Wl,--end-group
Finished building target: drv_initial_tests.elf
 
arm-none-eabi-size  drv_initial_tests.elf 
arm-none-eabi-objdump -h -S drv_initial_tests.elf  > "drv_initial_tests.list"
   text	   data	    bss	    dec	    hex	filename
  67688	    492	   4404	  72584	  11b88	drv_initial_tests.elf
Finished building: default.size.stdout
 
Finished building: drv_initial_tests.list
 
22:18:53 **** Incremental Build of configuration Debug for project drv_initial_tests ****
make -j12 all 
arm-none-eabi-size  drv_initial_tests.elf 
   text	   data	    bss	    dec	    hex	filename
  67688	    492	   4404	  72584	  11b88	drv_initial_tests.elf
Finished building: default.size.stdout
 
22:21:44 **** Incremental Build of configuration Debug for project drv_initial_tests ****
make -j12 all 
arm-none-eabi-gcc "../Core/Src/main.c" -mcpu=cortex-m4 -std=gnu11 -g3 -DDEBUG -DUSE_HAL_DRIVER -DSTM32G474xx -c -I../Core/Inc -I../Drivers/STM32G4xx_HAL_Driver/Inc -I../Drivers/STM32G4xx_HAL_Driver/Inc/Legacy -I../Drivers/CMSIS/Device/ST/STM32G4xx/Include -I../Drivers/CMSIS/Include -O0 -ffunction-sections -fdata-sections -Wall -fstack-usage -fcyclomatic-complexity -MMD -MP -MF"Core/Src/main.d" -MT"Core/Src/main.o" --specs=nano.specs -mfpu=fpv4-sp-d16 -mfloat-abi=hard -mthumb -o "Core/Src/main.o"
arm-none-eabi-gcc -o "drv_initial_tests.elf" @"objects.list"   -mcpu=cortex-m4 -T"C:\Users\krzys\Desktop\inzynierka\BLDC_driver\BLDC_FOC_driver\software\drv_initial_tests\drv_initial_tests\STM32G474RETX_FLASH.ld" --specs=nosys.specs -Wl,-Map="drv_initial_tests.map" -Wl,--gc-sections -static --specs=nano.specs -mfpu=fpv4-sp-d16 -mfloat-abi=hard -mthumb -u _printf_float -Wl,--start-group -lc -lm -Wl,--end-group
Finished building target: drv_initial_tests.elf
 
arm-none-eabi-size  drv_initial_tests.elf 
arm-none-eabi-objdump -h -S drv_initial_tests.elf  > "drv_initial_tests.list"
   text	   data	    bss	    dec	    hex	filename
  67704	    492	   4404	  72600	  11b98	drv_initial_tests.elf
Finished building: default.size.stdout
 
Finished building: drv_initial_tests.list
 
22:22:42 **** Incremental Build of configuration Debug for project drv_initial_tests ****
make -j12 all 
arm-none-eabi-gcc "../Core/Src/main.c" -mcpu=cortex-m4 -std=gnu11 -g3 -DDEBUG -DUSE_HAL_DRIVER -DSTM32G474xx -c -I../Core/Inc -I../Drivers/STM32G4xx_HAL_Driver/Inc -I../Drivers/STM32G4xx_HAL_Driver/Inc/Legacy -I../Drivers/CMSIS/Device/ST/STM32G4xx/Include -I../Drivers/CMSIS/Include -O0 -ffunction-sections -fdata-sections -Wall -fstack-usage -fcyclomatic-complexity -MMD -MP -MF"Core/Src/main.d" -MT"Core/Src/main.o" --specs=nano.specs -mfpu=fpv4-sp-d16 -mfloat-abi=hard -mthumb -o "Core/Src/main.o"
arm-none-eabi-gcc -o "drv_initial_tests.elf" @"objects.list"   -mcpu=cortex-m4 -T"C:\Users\krzys\Desktop\inzynierka\BLDC_driver\BLDC_FOC_driver\software\drv_initial_tests\drv_initial_tests\STM32G474RETX_FLASH.ld" --specs=nosys.specs -Wl,-Map="drv_initial_tests.map" -Wl,--gc-sections -static --specs=nano.specs -mfpu=fpv4-sp-d16 -mfloat-abi=hard -mthumb -u _printf_float -Wl,--start-group -lc -lm -Wl,--end-group
Finished building target: drv_initial_tests.elf
 
arm-none-eabi-size  drv_initial_tests.elf 
arm-none-eabi-objdump -h -S drv_initial_tests.elf  > "drv_initial_tests.list"
   text	   data	    bss	    dec	    hex	filename
  67688	    492	   4404	  72584	  11b88	drv_initial_tests.elf
Finished building: default.size.stdout
 
Finished building: drv_initial_tests.list
 
13:11:52 **** Build of configuration Debug for project drv_initial_tests ****
make -j12 all 
arm-none-eabi-gcc "../Core/Src/TLE_encoder.c" -mcpu=cortex-m4 -std=gnu11 -g3 -DDEBUG -DUSE_HAL_DRIVER -DSTM32G474xx -c -I../Core/Inc -I../Drivers/STM32G4xx_HAL_Driver/Inc -I../Drivers/STM32G4xx_HAL_Driver/Inc/Legacy -I../Drivers/CMSIS/Device/ST/STM32G4xx/Include -I../Drivers/CMSIS/Include -O0 -ffunction-sections -fdata-sections -Wall -fstack-usage -fcyclomatic-complexity -MMD -MP -MF"Core/Src/TLE_encoder.d" -MT"Core/Src/TLE_encoder.o" --specs=nano.specs -mfpu=fpv4-sp-d16 -mfloat-abi=hard -mthumb -o "Core/Src/TLE_encoder.o"
arm-none-eabi-gcc "../Core/Src/main.c" -mcpu=cortex-m4 -std=gnu11 -g3 -DDEBUG -DUSE_HAL_DRIVER -DSTM32G474xx -c -I../Core/Inc -I../Drivers/STM32G4xx_HAL_Driver/Inc -I../Drivers/STM32G4xx_HAL_Driver/Inc/Legacy -I../Drivers/CMSIS/Device/ST/STM32G4xx/Include -I../Drivers/CMSIS/Include -O0 -ffunction-sections -fdata-sections -Wall -fstack-usage -fcyclomatic-complexity -MMD -MP -MF"Core/Src/main.d" -MT"Core/Src/main.o" --specs=nano.specs -mfpu=fpv4-sp-d16 -mfloat-abi=hard -mthumb -o "Core/Src/main.o"
arm-none-eabi-gcc "../Core/Src/stm32g4xx_hal_msp.c" -mcpu=cortex-m4 -std=gnu11 -g3 -DDEBUG -DUSE_HAL_DRIVER -DSTM32G474xx -c -I../Core/Inc -I../Drivers/STM32G4xx_HAL_Driver/Inc -I../Drivers/STM32G4xx_HAL_Driver/Inc/Legacy -I../Drivers/CMSIS/Device/ST/STM32G4xx/Include -I../Drivers/CMSIS/Include -O0 -ffunction-sections -fdata-sections -Wall -fstack-usage -fcyclomatic-complexity -MMD -MP -MF"Core/Src/stm32g4xx_hal_msp.d" -MT"Core/Src/stm32g4xx_hal_msp.o" --specs=nano.specs -mfpu=fpv4-sp-d16 -mfloat-abi=hard -mthumb -o "Core/Src/stm32g4xx_hal_msp.o"
arm-none-eabi-gcc "../Core/Src/stm32g4xx_it.c" -mcpu=cortex-m4 -std=gnu11 -g3 -DDEBUG -DUSE_HAL_DRIVER -DSTM32G474xx -c -I../Core/Inc -I../Drivers/STM32G4xx_HAL_Driver/Inc -I../Drivers/STM32G4xx_HAL_Driver/Inc/Legacy -I../Drivers/CMSIS/Device/ST/STM32G4xx/Include -I../Drivers/CMSIS/Include -O0 -ffunction-sections -fdata-sections -Wall -fstack-usage -fcyclomatic-complexity -MMD -MP -MF"Core/Src/stm32g4xx_it.d" -MT"Core/Src/stm32g4xx_it.o" --specs=nano.specs -mfpu=fpv4-sp-d16 -mfloat-abi=hard -mthumb -o "Core/Src/stm32g4xx_it.o"
arm-none-eabi-gcc "../Core/Src/syscalls.c" -mcpu=cortex-m4 -std=gnu11 -g3 -DDEBUG -DUSE_HAL_DRIVER -DSTM32G474xx -c -I../Core/Inc -I../Drivers/STM32G4xx_HAL_Driver/Inc -I../Drivers/STM32G4xx_HAL_Driver/Inc/Legacy -I../Drivers/CMSIS/Device/ST/STM32G4xx/Include -I../Drivers/CMSIS/Include -O0 -ffunction-sections -fdata-sections -Wall -fstack-usage -fcyclomatic-complexity -MMD -MP -MF"Core/Src/syscalls.d" -MT"Core/Src/syscalls.o" --specs=nano.specs -mfpu=fpv4-sp-d16 -mfloat-abi=hard -mthumb -o "Core/Src/syscalls.o"
arm-none-eabi-gcc "../Core/Src/sysmem.c" -mcpu=cortex-m4 -std=gnu11 -g3 -DDEBUG -DUSE_HAL_DRIVER -DSTM32G474xx -c -I../Core/Inc -I../Drivers/STM32G4xx_HAL_Driver/Inc -I../Drivers/STM32G4xx_HAL_Driver/Inc/Legacy -I../Drivers/CMSIS/Device/ST/STM32G4xx/Include -I../Drivers/CMSIS/Include -O0 -ffunction-sections -fdata-sections -Wall -fstack-usage -fcyclomatic-complexity -MMD -MP -MF"Core/Src/sysmem.d" -MT"Core/Src/sysmem.o" --specs=nano.specs -mfpu=fpv4-sp-d16 -mfloat-abi=hard -mthumb -o "Core/Src/sysmem.o"
arm-none-eabi-gcc "../Core/Src/system_stm32g4xx.c" -mcpu=cortex-m4 -std=gnu11 -g3 -DDEBUG -DUSE_HAL_DRIVER -DSTM32G474xx -c -I../Core/Inc -I../Drivers/STM32G4xx_HAL_Driver/Inc -I../Drivers/STM32G4xx_HAL_Driver/Inc/Legacy -I../Drivers/CMSIS/Device/ST/STM32G4xx/Include -I../Drivers/CMSIS/Include -O0 -ffunction-sections -fdata-sections -Wall -fstack-usage -fcyclomatic-complexity -MMD -MP -MF"Core/Src/system_stm32g4xx.d" -MT"Core/Src/system_stm32g4xx.o" --specs=nano.specs -mfpu=fpv4-sp-d16 -mfloat-abi=hard -mthumb -o "Core/Src/system_stm32g4xx.o"
arm-none-eabi-gcc -o "drv_initial_tests.elf" @"objects.list"   -mcpu=cortex-m4 -T"C:\Users\krzys\Desktop\inzynierka\BLDC_driver\BLDC_FOC_driver\software\drv_initial_tests\drv_initial_tests\STM32G474RETX_FLASH.ld" --specs=nosys.specs -Wl,-Map="drv_initial_tests.map" -Wl,--gc-sections -static --specs=nano.specs -mfpu=fpv4-sp-d16 -mfloat-abi=hard -mthumb -u _printf_float -Wl,--start-group -lc -lm -Wl,--end-group
Finished building target: drv_initial_tests.elf
 
arm-none-eabi-size  drv_initial_tests.elf 
arm-none-eabi-objdump -h -S drv_initial_tests.elf  > "drv_initial_tests.list"
   text	   data	    bss	    dec	    hex	filename
  67688	    492	   4404	  72584	  11b88	drv_initial_tests.elf
Finished building: default.size.stdout
 
Finished building: drv_initial_tests.list
 
