../Core/Src/main.c:197:6:drv8323_reg_write	1
../Core/Src/main.c:227:6:DRV8323_Init	1
../Core/Src/main.c:252:6:Generate_Sine_Table	2
../Core/Src/main.c:263:6:Motor_Align	1
../Core/Src/main.c:288:13:ResetControllersForNewMove	1
../Core/Src/main.c:316:6:TLE_Encoder_CalcSpeed	7
../Core/Src/main.c:359:6:SpeedLoop_Update	15
../Core/Src/main.c:445:6:PositionLoop_Update	13
../Core/Src/main.c:513:6:Update_VoltageAmplitude	6
../Core/Src/main.c:550:6:line_append	7
../Core/Src/main.c:589:6:DRV8323_ServiceFault	5
../Core/Src/main.c:629:6:CurrentSense_CalibrateMidpoints	2
../Core/Src/main.c:656:6:CurrentSense_GetPhaseCurrents	1
../Core/Src/main.c:677:6:HAL_GPIO_EXTI_Callback	6
../Core/Src/main.c:715:6:HAL_TIM_PeriodElapsedCallback	10
../Core/Src/main.c:770:5:__io_putchar	1
../Core/Src/main.c:783:5:main	7
../Core/Src/main.c:914:6:SystemClock_Config	3
../Core/Src/main.c:961:13:MX_ADC1_Init	4
../Core/Src/main.c:1029:13:MX_ADC2_Init	3
../Core/Src/main.c:1088:13:MX_ADC3_Init	4
../Core/Src/main.c:1156:13:MX_ADC4_Init	3
../Core/Src/main.c:1215:13:MX_ADC5_Init	3
../Core/Src/main.c:1274:13:MX_FDCAN2_Init	2
../Core/Src/main.c:1317:13:MX_I2C3_Init	4
../Core/Src/main.c:1365:13:MX_I2C4_Init	4
../Core/Src/main.c:1413:13:MX_IWDG_Init	2
../Core/Src/main.c:1442:13:MX_SPI1_Init	2
../Core/Src/main.c:1482:13:MX_SPI2_Init	2
../Core/Src/main.c:1522:13:MX_SPI3_Init	2
../Core/Src/main.c:1562:13:MX_TIM1_Init	12
../Core/Src/main.c:1666:13:MX_TIM6_Init	3
../Core/Src/main.c:1704:13:MX_TIM7_Init	3
../Core/Src/main.c:1742:13:MX_USART1_UART_Init	5
../Core/Src/main.c:1788:13:MX_DMA_Init	1
../Core/Src/main.c:1813:13:MX_GPIO_Init	1
../Core/Src/main.c:1913:6:Error_Handler	1
